<?xml version="1.0" encoding="ISO-8859-1" ?>
<link_info>
   <banner>MSP430 Linker Unix v20.2.1.LTS</banner>
   <copyright>Copyright (c) 2003-2018 Texas Instruments Incorporated</copyright>
   <link_time>0x666338f4</link_time>
   <link_errors>0x0</link_errors>
   <output_file>RTOSDemo.out</output_file>
   <entry_point>
      <name>_c_int00_noargs</name>
      <address>0x806a</address>
   </entry_point>
   <input_file_list>
      <input_file id="fl-2">
         <path>./</path>
         <kind>object</kind>
         <file>LEDs.obj</file>
         <name>LEDs.obj</name>
      </input_file>
      <input_file id="fl-3">
         <path>./</path>
         <kind>object</kind>
         <file>backup.obj</file>
         <name>backup.obj</name>
      </input_file>
      <input_file id="fl-4">
         <path>./</path>
         <kind>object</kind>
         <file>main.obj</file>
         <name>main.obj</name>
      </input_file>
      <input_file id="fl-5">
         <path>./</path>
         <kind>object</kind>
         <file>printf-stdarg.obj</file>
         <name>printf-stdarg.obj</name>
      </input_file>
      <input_file id="fl-6">
         <path>./Blinky_Demo/</path>
         <kind>object</kind>
         <file>main_blinky.obj</file>
         <name>main_blinky.obj</name>
      </input_file>
      <input_file id="fl-7">
         <path>./CCS_Only/</path>
         <kind>object</kind>
         <file>RegTest.obj</file>
         <name>RegTest.obj</name>
      </input_file>
      <input_file id="fl-8">
         <path>./FreeRTOS_Source/</path>
         <kind>object</kind>
         <file>croutine.obj</file>
         <name>croutine.obj</name>
      </input_file>
      <input_file id="fl-9">
         <path>./FreeRTOS_Source/</path>
         <kind>object</kind>
         <file>event_groups.obj</file>
         <name>event_groups.obj</name>
      </input_file>
      <input_file id="fl-a">
         <path>./FreeRTOS_Source/</path>
         <kind>object</kind>
         <file>list.obj</file>
         <name>list.obj</name>
      </input_file>
      <input_file id="fl-b">
         <path>./FreeRTOS_Source/</path>
         <kind>object</kind>
         <file>queue.obj</file>
         <name>queue.obj</name>
      </input_file>
      <input_file id="fl-c">
         <path>./FreeRTOS_Source/</path>
         <kind>object</kind>
         <file>stream_buffer.obj</file>
         <name>stream_buffer.obj</name>
      </input_file>
      <input_file id="fl-d">
         <path>./FreeRTOS_Source/</path>
         <kind>object</kind>
         <file>tasks.obj</file>
         <name>tasks.obj</name>
      </input_file>
      <input_file id="fl-e">
         <path>./FreeRTOS_Source/</path>
         <kind>object</kind>
         <file>timers.obj</file>
         <name>timers.obj</name>
      </input_file>
      <input_file id="fl-f">
         <path>./FreeRTOS_Source/portable/CCS/MSP430X/</path>
         <kind>object</kind>
         <file>port.obj</file>
         <name>port.obj</name>
      </input_file>
      <input_file id="fl-10">
         <path>./FreeRTOS_Source/portable/CCS/MSP430X/</path>
         <kind>object</kind>
         <file>portext.obj</file>
         <name>portext.obj</name>
      </input_file>
      <input_file id="fl-11">
         <path>./FreeRTOS_Source/portable/MemMang/</path>
         <kind>object</kind>
         <file>heap_4.obj</file>
         <name>heap_4.obj</name>
      </input_file>
      <input_file id="fl-12">
         <path>./Full_Demo/FreeRTOS+CLI/</path>
         <kind>object</kind>
         <file>FreeRTOS_CLI.obj</file>
         <name>FreeRTOS_CLI.obj</name>
      </input_file>
      <input_file id="fl-13">
         <path>./Full_Demo/</path>
         <kind>object</kind>
         <file>Sample-CLI-commands.obj</file>
         <name>Sample-CLI-commands.obj</name>
      </input_file>
      <input_file id="fl-14">
         <path>./Full_Demo/</path>
         <kind>object</kind>
         <file>UARTCommandConsole.obj</file>
         <name>UARTCommandConsole.obj</name>
      </input_file>
      <input_file id="fl-15">
         <path>./Full_Demo/</path>
         <kind>object</kind>
         <file>main_full.obj</file>
         <name>main_full.obj</name>
      </input_file>
      <input_file id="fl-16">
         <path>./Full_Demo/</path>
         <kind>object</kind>
         <file>serial.obj</file>
         <name>serial.obj</name>
      </input_file>
      <input_file id="fl-17">
         <path>./Full_Demo/Standard_Demo_Tasks/</path>
         <kind>object</kind>
         <file>EventGroupsDemo.obj</file>
         <name>EventGroupsDemo.obj</name>
      </input_file>
      <input_file id="fl-18">
         <path>./Full_Demo/Standard_Demo_Tasks/</path>
         <kind>object</kind>
         <file>GenQTest.obj</file>
         <name>GenQTest.obj</name>
      </input_file>
      <input_file id="fl-19">
         <path>./Full_Demo/Standard_Demo_Tasks/</path>
         <kind>object</kind>
         <file>TaskNotify.obj</file>
         <name>TaskNotify.obj</name>
      </input_file>
      <input_file id="fl-1a">
         <path>./Full_Demo/Standard_Demo_Tasks/</path>
         <kind>object</kind>
         <file>blocktim.obj</file>
         <name>blocktim.obj</name>
      </input_file>
      <input_file id="fl-1b">
         <path>./Full_Demo/Standard_Demo_Tasks/</path>
         <kind>object</kind>
         <file>countsem.obj</file>
         <name>countsem.obj</name>
      </input_file>
      <input_file id="fl-1c">
         <path>./Full_Demo/Standard_Demo_Tasks/</path>
         <kind>object</kind>
         <file>dynamic.obj</file>
         <name>dynamic.obj</name>
      </input_file>
      <input_file id="fl-1d">
         <path>./Full_Demo/Standard_Demo_Tasks/</path>
         <kind>object</kind>
         <file>recmutex.obj</file>
         <name>recmutex.obj</name>
      </input_file>
      <input_file id="fl-1e">
         <path>./driverlib/MSP430FR5xx_6xx/</path>
         <kind>object</kind>
         <file>adc12_b.obj</file>
         <name>adc12_b.obj</name>
      </input_file>
      <input_file id="fl-1f">
         <path>./driverlib/MSP430FR5xx_6xx/</path>
         <kind>object</kind>
         <file>aes256.obj</file>
         <name>aes256.obj</name>
      </input_file>
      <input_file id="fl-20">
         <path>./driverlib/MSP430FR5xx_6xx/</path>
         <kind>object</kind>
         <file>comp_e.obj</file>
         <name>comp_e.obj</name>
      </input_file>
      <input_file id="fl-21">
         <path>./driverlib/MSP430FR5xx_6xx/</path>
         <kind>object</kind>
         <file>crc.obj</file>
         <name>crc.obj</name>
      </input_file>
      <input_file id="fl-22">
         <path>./driverlib/MSP430FR5xx_6xx/</path>
         <kind>object</kind>
         <file>crc32.obj</file>
         <name>crc32.obj</name>
      </input_file>
      <input_file id="fl-23">
         <path>./driverlib/MSP430FR5xx_6xx/</path>
         <kind>object</kind>
         <file>cs.obj</file>
         <name>cs.obj</name>
      </input_file>
      <input_file id="fl-24">
         <path>./driverlib/MSP430FR5xx_6xx/</path>
         <kind>object</kind>
         <file>dma.obj</file>
         <name>dma.obj</name>
      </input_file>
      <input_file id="fl-25">
         <path>./driverlib/MSP430FR5xx_6xx/</path>
         <kind>object</kind>
         <file>esi.obj</file>
         <name>esi.obj</name>
      </input_file>
      <input_file id="fl-26">
         <path>./driverlib/MSP430FR5xx_6xx/</path>
         <kind>object</kind>
         <file>eusci_a_spi.obj</file>
         <name>eusci_a_spi.obj</name>
      </input_file>
      <input_file id="fl-27">
         <path>./driverlib/MSP430FR5xx_6xx/</path>
         <kind>object</kind>
         <file>eusci_a_uart.obj</file>
         <name>eusci_a_uart.obj</name>
      </input_file>
      <input_file id="fl-28">
         <path>./driverlib/MSP430FR5xx_6xx/</path>
         <kind>object</kind>
         <file>eusci_b_i2c.obj</file>
         <name>eusci_b_i2c.obj</name>
      </input_file>
      <input_file id="fl-29">
         <path>./driverlib/MSP430FR5xx_6xx/</path>
         <kind>object</kind>
         <file>eusci_b_spi.obj</file>
         <name>eusci_b_spi.obj</name>
      </input_file>
      <input_file id="fl-2a">
         <path>./driverlib/MSP430FR5xx_6xx/</path>
         <kind>object</kind>
         <file>framctl.obj</file>
         <name>framctl.obj</name>
      </input_file>
      <input_file id="fl-2b">
         <path>./driverlib/MSP430FR5xx_6xx/</path>
         <kind>object</kind>
         <file>gpio.obj</file>
         <name>gpio.obj</name>
      </input_file>
      <input_file id="fl-2c">
         <path>./driverlib/MSP430FR5xx_6xx/</path>
         <kind>object</kind>
         <file>lcd_c.obj</file>
         <name>lcd_c.obj</name>
      </input_file>
      <input_file id="fl-2d">
         <path>./driverlib/MSP430FR5xx_6xx/</path>
         <kind>object</kind>
         <file>mpu.obj</file>
         <name>mpu.obj</name>
      </input_file>
      <input_file id="fl-2e">
         <path>./driverlib/MSP430FR5xx_6xx/</path>
         <kind>object</kind>
         <file>mpy32.obj</file>
         <name>mpy32.obj</name>
      </input_file>
      <input_file id="fl-2f">
         <path>./driverlib/MSP430FR5xx_6xx/</path>
         <kind>object</kind>
         <file>pmm.obj</file>
         <name>pmm.obj</name>
      </input_file>
      <input_file id="fl-30">
         <path>./driverlib/MSP430FR5xx_6xx/</path>
         <kind>object</kind>
         <file>ram.obj</file>
         <name>ram.obj</name>
      </input_file>
      <input_file id="fl-31">
         <path>./driverlib/MSP430FR5xx_6xx/</path>
         <kind>object</kind>
         <file>ref_a.obj</file>
         <name>ref_a.obj</name>
      </input_file>
      <input_file id="fl-32">
         <path>./driverlib/MSP430FR5xx_6xx/</path>
         <kind>object</kind>
         <file>rtc_b.obj</file>
         <name>rtc_b.obj</name>
      </input_file>
      <input_file id="fl-33">
         <path>./driverlib/MSP430FR5xx_6xx/</path>
         <kind>object</kind>
         <file>rtc_c.obj</file>
         <name>rtc_c.obj</name>
      </input_file>
      <input_file id="fl-34">
         <path>./driverlib/MSP430FR5xx_6xx/</path>
         <kind>object</kind>
         <file>sfr.obj</file>
         <name>sfr.obj</name>
      </input_file>
      <input_file id="fl-35">
         <path>./driverlib/MSP430FR5xx_6xx/</path>
         <kind>object</kind>
         <file>sysctl.obj</file>
         <name>sysctl.obj</name>
      </input_file>
      <input_file id="fl-36">
         <path>./driverlib/MSP430FR5xx_6xx/</path>
         <kind>object</kind>
         <file>timer_a.obj</file>
         <name>timer_a.obj</name>
      </input_file>
      <input_file id="fl-37">
         <path>./driverlib/MSP430FR5xx_6xx/</path>
         <kind>object</kind>
         <file>timer_b.obj</file>
         <name>timer_b.obj</name>
      </input_file>
      <input_file id="fl-38">
         <path>./driverlib/MSP430FR5xx_6xx/</path>
         <kind>object</kind>
         <file>tlv.obj</file>
         <name>tlv.obj</name>
      </input_file>
      <input_file id="fl-39">
         <path>./driverlib/MSP430FR5xx_6xx/</path>
         <kind>object</kind>
         <file>wdt_a.obj</file>
         <name>wdt_a.obj</name>
      </input_file>
      <input_file id="fl-3f">
         <kind>object</kind>
         <file>&lt;internal&gt;</file>
         <name>&lt;internal&gt;</name>
      </input_file>
      <input_file id="fl-5a">
         <path>/home/rtos/ti/ccs1010/ccs/tools/compiler/ti-cgt-msp430_20.2.1.LTS/lib/</path>
         <kind>archive</kind>
         <file>rts430x_lc_ld_eabi.lib</file>
         <name>copy_decompress_lzss.c.obj</name>
      </input_file>
      <input_file id="fl-5b">
         <path>/home/rtos/ti/ccs1010/ccs/tools/compiler/ti-cgt-msp430_20.2.1.LTS/lib/</path>
         <kind>archive</kind>
         <file>rts430x_lc_ld_eabi.lib</file>
         <name>copy_decompress_none.c.obj</name>
      </input_file>
      <input_file id="fl-5c">
         <path>/home/rtos/ti/ccs1010/ccs/tools/compiler/ti-cgt-msp430_20.2.1.LTS/lib/</path>
         <kind>archive</kind>
         <file>rts430x_lc_ld_eabi.lib</file>
         <name>int18.asm.obj</name>
      </input_file>
      <input_file id="fl-5d">
         <path>/home/rtos/ti/ccs1010/ccs/tools/compiler/ti-cgt-msp430_20.2.1.LTS/lib/</path>
         <kind>archive</kind>
         <file>rts430x_lc_ld_eabi.lib</file>
         <name>isr_trap.asm.obj</name>
      </input_file>
      <input_file id="fl-5e">
         <path>/home/rtos/ti/ccs1010/ccs/tools/compiler/ti-cgt-msp430_20.2.1.LTS/lib/</path>
         <kind>archive</kind>
         <file>rts430x_lc_ld_eabi.lib</file>
         <name>int19.asm.obj</name>
      </input_file>
      <input_file id="fl-5f">
         <path>/home/rtos/ti/ccs1010/ccs/tools/compiler/ti-cgt-msp430_20.2.1.LTS/lib/</path>
         <kind>archive</kind>
         <file>rts430x_lc_ld_eabi.lib</file>
         <name>int20.asm.obj</name>
      </input_file>
      <input_file id="fl-60">
         <path>/home/rtos/ti/ccs1010/ccs/tools/compiler/ti-cgt-msp430_20.2.1.LTS/lib/</path>
         <kind>archive</kind>
         <file>rts430x_lc_ld_eabi.lib</file>
         <name>int21.asm.obj</name>
      </input_file>
      <input_file id="fl-61">
         <path>/home/rtos/ti/ccs1010/ccs/tools/compiler/ti-cgt-msp430_20.2.1.LTS/lib/</path>
         <kind>archive</kind>
         <file>rts430x_lc_ld_eabi.lib</file>
         <name>int22.asm.obj</name>
      </input_file>
      <input_file id="fl-62">
         <path>/home/rtos/ti/ccs1010/ccs/tools/compiler/ti-cgt-msp430_20.2.1.LTS/lib/</path>
         <kind>archive</kind>
         <file>rts430x_lc_ld_eabi.lib</file>
         <name>int23.asm.obj</name>
      </input_file>
      <input_file id="fl-63">
         <path>/home/rtos/ti/ccs1010/ccs/tools/compiler/ti-cgt-msp430_20.2.1.LTS/lib/</path>
         <kind>archive</kind>
         <file>rts430x_lc_ld_eabi.lib</file>
         <name>int24.asm.obj</name>
      </input_file>
      <input_file id="fl-64">
         <path>/home/rtos/ti/ccs1010/ccs/tools/compiler/ti-cgt-msp430_20.2.1.LTS/lib/</path>
         <kind>archive</kind>
         <file>rts430x_lc_ld_eabi.lib</file>
         <name>int25.asm.obj</name>
      </input_file>
      <input_file id="fl-65">
         <path>/home/rtos/ti/ccs1010/ccs/tools/compiler/ti-cgt-msp430_20.2.1.LTS/lib/</path>
         <kind>archive</kind>
         <file>rts430x_lc_ld_eabi.lib</file>
         <name>int26.asm.obj</name>
      </input_file>
      <input_file id="fl-66">
         <path>/home/rtos/ti/ccs1010/ccs/tools/compiler/ti-cgt-msp430_20.2.1.LTS/lib/</path>
         <kind>archive</kind>
         <file>rts430x_lc_ld_eabi.lib</file>
         <name>int27.asm.obj</name>
      </input_file>
      <input_file id="fl-67">
         <path>/home/rtos/ti/ccs1010/ccs/tools/compiler/ti-cgt-msp430_20.2.1.LTS/lib/</path>
         <kind>archive</kind>
         <file>rts430x_lc_ld_eabi.lib</file>
         <name>int28.asm.obj</name>
      </input_file>
      <input_file id="fl-68">
         <path>/home/rtos/ti/ccs1010/ccs/tools/compiler/ti-cgt-msp430_20.2.1.LTS/lib/</path>
         <kind>archive</kind>
         <file>rts430x_lc_ld_eabi.lib</file>
         <name>int29.asm.obj</name>
      </input_file>
      <input_file id="fl-69">
         <path>/home/rtos/ti/ccs1010/ccs/tools/compiler/ti-cgt-msp430_20.2.1.LTS/lib/</path>
         <kind>archive</kind>
         <file>rts430x_lc_ld_eabi.lib</file>
         <name>int30.asm.obj</name>
      </input_file>
      <input_file id="fl-6a">
         <path>/home/rtos/ti/ccs1010/ccs/tools/compiler/ti-cgt-msp430_20.2.1.LTS/lib/</path>
         <kind>archive</kind>
         <file>rts430x_lc_ld_eabi.lib</file>
         <name>int31.asm.obj</name>
      </input_file>
      <input_file id="fl-6b">
         <path>/home/rtos/ti/ccs1010/ccs/tools/compiler/ti-cgt-msp430_20.2.1.LTS/lib/</path>
         <kind>archive</kind>
         <file>rts430x_lc_ld_eabi.lib</file>
         <name>int32.asm.obj</name>
      </input_file>
      <input_file id="fl-6c">
         <path>/home/rtos/ti/ccs1010/ccs/tools/compiler/ti-cgt-msp430_20.2.1.LTS/lib/</path>
         <kind>archive</kind>
         <file>rts430x_lc_ld_eabi.lib</file>
         <name>int33.asm.obj</name>
      </input_file>
      <input_file id="fl-6d">
         <path>/home/rtos/ti/ccs1010/ccs/tools/compiler/ti-cgt-msp430_20.2.1.LTS/lib/</path>
         <kind>archive</kind>
         <file>rts430x_lc_ld_eabi.lib</file>
         <name>int34.asm.obj</name>
      </input_file>
      <input_file id="fl-6e">
         <path>/home/rtos/ti/ccs1010/ccs/tools/compiler/ti-cgt-msp430_20.2.1.LTS/lib/</path>
         <kind>archive</kind>
         <file>rts430x_lc_ld_eabi.lib</file>
         <name>int35.asm.obj</name>
      </input_file>
      <input_file id="fl-6f">
         <path>/home/rtos/ti/ccs1010/ccs/tools/compiler/ti-cgt-msp430_20.2.1.LTS/lib/</path>
         <kind>archive</kind>
         <file>rts430x_lc_ld_eabi.lib</file>
         <name>int36.asm.obj</name>
      </input_file>
      <input_file id="fl-70">
         <path>/home/rtos/ti/ccs1010/ccs/tools/compiler/ti-cgt-msp430_20.2.1.LTS/lib/</path>
         <kind>archive</kind>
         <file>rts430x_lc_ld_eabi.lib</file>
         <name>int37.asm.obj</name>
      </input_file>
      <input_file id="fl-71">
         <path>/home/rtos/ti/ccs1010/ccs/tools/compiler/ti-cgt-msp430_20.2.1.LTS/lib/</path>
         <kind>archive</kind>
         <file>rts430x_lc_ld_eabi.lib</file>
         <name>int38.asm.obj</name>
      </input_file>
      <input_file id="fl-72">
         <path>/home/rtos/ti/ccs1010/ccs/tools/compiler/ti-cgt-msp430_20.2.1.LTS/lib/</path>
         <kind>archive</kind>
         <file>rts430x_lc_ld_eabi.lib</file>
         <name>int39.asm.obj</name>
      </input_file>
      <input_file id="fl-73">
         <path>/home/rtos/ti/ccs1010/ccs/tools/compiler/ti-cgt-msp430_20.2.1.LTS/lib/</path>
         <kind>archive</kind>
         <file>rts430x_lc_ld_eabi.lib</file>
         <name>int41.asm.obj</name>
      </input_file>
      <input_file id="fl-74">
         <path>/home/rtos/ti/ccs1010/ccs/tools/compiler/ti-cgt-msp430_20.2.1.LTS/lib/</path>
         <kind>archive</kind>
         <file>rts430x_lc_ld_eabi.lib</file>
         <name>int42.asm.obj</name>
      </input_file>
      <input_file id="fl-75">
         <path>/home/rtos/ti/ccs1010/ccs/tools/compiler/ti-cgt-msp430_20.2.1.LTS/lib/</path>
         <kind>archive</kind>
         <file>rts430x_lc_ld_eabi.lib</file>
         <name>int43.asm.obj</name>
      </input_file>
      <input_file id="fl-76">
         <path>/home/rtos/ti/ccs1010/ccs/tools/compiler/ti-cgt-msp430_20.2.1.LTS/lib/</path>
         <kind>archive</kind>
         <file>rts430x_lc_ld_eabi.lib</file>
         <name>int44.asm.obj</name>
      </input_file>
      <input_file id="fl-77">
         <path>/home/rtos/ti/ccs1010/ccs/tools/compiler/ti-cgt-msp430_20.2.1.LTS/lib/</path>
         <kind>archive</kind>
         <file>rts430x_lc_ld_eabi.lib</file>
         <name>int46.asm.obj</name>
      </input_file>
      <input_file id="fl-78">
         <path>/home/rtos/ti/ccs1010/ccs/tools/compiler/ti-cgt-msp430_20.2.1.LTS/lib/</path>
         <kind>archive</kind>
         <file>rts430x_lc_ld_eabi.lib</file>
         <name>int47.asm.obj</name>
      </input_file>
      <input_file id="fl-79">
         <path>/home/rtos/ti/ccs1010/ccs/tools/compiler/ti-cgt-msp430_20.2.1.LTS/lib/</path>
         <kind>archive</kind>
         <file>rts430x_lc_ld_eabi.lib</file>
         <name>int49.asm.obj</name>
      </input_file>
      <input_file id="fl-7a">
         <path>/home/rtos/ti/ccs1010/ccs/tools/compiler/ti-cgt-msp430_20.2.1.LTS/lib/</path>
         <kind>archive</kind>
         <file>rts430x_lc_ld_eabi.lib</file>
         <name>int50.asm.obj</name>
      </input_file>
      <input_file id="fl-7b">
         <path>/home/rtos/ti/ccs1010/ccs/tools/compiler/ti-cgt-msp430_20.2.1.LTS/lib/</path>
         <kind>archive</kind>
         <file>rts430x_lc_ld_eabi.lib</file>
         <name>int51.asm.obj</name>
      </input_file>
      <input_file id="fl-7c">
         <path>/home/rtos/ti/ccs1010/ccs/tools/compiler/ti-cgt-msp430_20.2.1.LTS/lib/</path>
         <kind>archive</kind>
         <file>rts430x_lc_ld_eabi.lib</file>
         <name>int52.asm.obj</name>
      </input_file>
      <input_file id="fl-7d">
         <path>/home/rtos/ti/ccs1010/ccs/tools/compiler/ti-cgt-msp430_20.2.1.LTS/lib/</path>
         <kind>archive</kind>
         <file>rts430x_lc_ld_eabi.lib</file>
         <name>int53.asm.obj</name>
      </input_file>
      <input_file id="fl-7e">
         <path>/home/rtos/ti/ccs1010/ccs/tools/compiler/ti-cgt-msp430_20.2.1.LTS/lib/</path>
         <kind>archive</kind>
         <file>rts430x_lc_ld_eabi.lib</file>
         <name>int54.asm.obj</name>
      </input_file>
      <input_file id="fl-7f">
         <path>/home/rtos/ti/ccs1010/ccs/tools/compiler/ti-cgt-msp430_20.2.1.LTS/lib/</path>
         <kind>archive</kind>
         <file>rts430x_lc_ld_eabi.lib</file>
         <name>copy_zero_init.c.obj</name>
      </input_file>
      <input_file id="fl-80">
         <path>/home/rtos/ti/ccs1010/ccs/tools/compiler/ti-cgt-msp430_20.2.1.LTS/lib/</path>
         <kind>archive</kind>
         <file>rts430x_lc_ld_eabi.lib</file>
         <name>div16s.asm.obj</name>
      </input_file>
      <input_file id="fl-81">
         <path>/home/rtos/ti/ccs1010/ccs/tools/compiler/ti-cgt-msp430_20.2.1.LTS/lib/</path>
         <kind>archive</kind>
         <file>rts430x_lc_ld_eabi.lib</file>
         <name>div32s.asm.obj</name>
      </input_file>
      <input_file id="fl-82">
         <path>/home/rtos/ti/ccs1010/ccs/tools/compiler/ti-cgt-msp430_20.2.1.LTS/lib/</path>
         <kind>archive</kind>
         <file>rts430x_lc_ld_eabi.lib</file>
         <name>div16u.asm.obj</name>
      </input_file>
      <input_file id="fl-83">
         <path>/home/rtos/ti/ccs1010/ccs/tools/compiler/ti-cgt-msp430_20.2.1.LTS/lib/</path>
         <kind>archive</kind>
         <file>rts430x_lc_ld_eabi.lib</file>
         <name>div32u.asm.obj</name>
      </input_file>
      <input_file id="fl-84">
         <path>/home/rtos/ti/ccs1010/ccs/tools/compiler/ti-cgt-msp430_20.2.1.LTS/lib/</path>
         <kind>archive</kind>
         <file>rts430x_lc_ld_eabi.lib</file>
         <name>mult16.asm.obj</name>
      </input_file>
      <input_file id="fl-85">
         <path>/home/rtos/ti/ccs1010/ccs/tools/compiler/ti-cgt-msp430_20.2.1.LTS/lib/</path>
         <kind>archive</kind>
         <file>rts430x_lc_ld_eabi.lib</file>
         <name>mult16_f5hw.asm.obj</name>
      </input_file>
      <input_file id="fl-86">
         <path>/home/rtos/ti/ccs1010/ccs/tools/compiler/ti-cgt-msp430_20.2.1.LTS/lib/</path>
         <kind>archive</kind>
         <file>rts430x_lc_ld_eabi.lib</file>
         <name>mult32.asm.obj</name>
      </input_file>
      <input_file id="fl-87">
         <path>/home/rtos/ti/ccs1010/ccs/tools/compiler/ti-cgt-msp430_20.2.1.LTS/lib/</path>
         <kind>archive</kind>
         <file>rts430x_lc_ld_eabi.lib</file>
         <name>mult32_f5hw.asm.obj</name>
      </input_file>
      <input_file id="fl-88">
         <path>/home/rtos/ti/ccs1010/ccs/tools/compiler/ti-cgt-msp430_20.2.1.LTS/lib/</path>
         <kind>archive</kind>
         <file>rts430x_lc_ld_eabi.lib</file>
         <name>mult64_f5hw.asm.obj</name>
      </input_file>
      <input_file id="fl-89">
         <path>/home/rtos/ti/ccs1010/ccs/tools/compiler/ti-cgt-msp430_20.2.1.LTS/lib/</path>
         <kind>archive</kind>
         <file>rts430x_lc_ld_eabi.lib</file>
         <name>mult1632_f5hw.asm.obj</name>
      </input_file>
      <input_file id="fl-8a">
         <path>/home/rtos/ti/ccs1010/ccs/tools/compiler/ti-cgt-msp430_20.2.1.LTS/lib/</path>
         <kind>archive</kind>
         <file>rts430x_lc_ld_eabi.lib</file>
         <name>mult3264_f5hw.asm.obj</name>
      </input_file>
      <input_file id="fl-8b">
         <path>/home/rtos/ti/ccs1010/ccs/tools/compiler/ti-cgt-msp430_20.2.1.LTS/lib/</path>
         <kind>archive</kind>
         <file>rts430x_lc_ld_eabi.lib</file>
         <name>lsl16.asm.obj</name>
      </input_file>
      <input_file id="fl-8c">
         <path>/home/rtos/ti/ccs1010/ccs/tools/compiler/ti-cgt-msp430_20.2.1.LTS/lib/</path>
         <kind>archive</kind>
         <file>rts430x_lc_ld_eabi.lib</file>
         <name>asr16.asm.obj</name>
      </input_file>
      <input_file id="fl-8d">
         <path>/home/rtos/ti/ccs1010/ccs/tools/compiler/ti-cgt-msp430_20.2.1.LTS/lib/</path>
         <kind>archive</kind>
         <file>rts430x_lc_ld_eabi.lib</file>
         <name>lsr32.asm.obj</name>
      </input_file>
      <input_file id="fl-8e">
         <path>/home/rtos/ti/ccs1010/ccs/tools/compiler/ti-cgt-msp430_20.2.1.LTS/lib/</path>
         <kind>archive</kind>
         <file>rts430x_lc_ld_eabi.lib</file>
         <name>boot.c.obj</name>
      </input_file>
      <input_file id="fl-8f">
         <path>/home/rtos/ti/ccs1010/ccs/tools/compiler/ti-cgt-msp430_20.2.1.LTS/lib/</path>
         <kind>archive</kind>
         <file>rts430x_lc_ld_eabi.lib</file>
         <name>mpu_init.c.obj</name>
      </input_file>
      <input_file id="fl-90">
         <path>/home/rtos/ti/ccs1010/ccs/tools/compiler/ti-cgt-msp430_20.2.1.LTS/lib/</path>
         <kind>archive</kind>
         <file>rts430x_lc_ld_eabi.lib</file>
         <name>args_main.c.obj</name>
      </input_file>
      <input_file id="fl-91">
         <path>/home/rtos/ti/ccs1010/ccs/tools/compiler/ti-cgt-msp430_20.2.1.LTS/lib/</path>
         <kind>archive</kind>
         <file>rts430x_lc_ld_eabi.lib</file>
         <name>autoinit.c.obj</name>
      </input_file>
      <input_file id="fl-92">
         <path>/home/rtos/ti/ccs1010/ccs/tools/compiler/ti-cgt-msp430_20.2.1.LTS/lib/</path>
         <kind>archive</kind>
         <file>rts430x_lc_ld_eabi.lib</file>
         <name>asr32.asm.obj</name>
      </input_file>
      <input_file id="fl-93">
         <path>/home/rtos/ti/ccs1010/ccs/tools/compiler/ti-cgt-msp430_20.2.1.LTS/lib/</path>
         <kind>archive</kind>
         <file>rts430x_lc_ld_eabi.lib</file>
         <name>startup.c.obj</name>
      </input_file>
      <input_file id="fl-94">
         <path>/home/rtos/ti/ccs1010/ccs/tools/compiler/ti-cgt-msp430_20.2.1.LTS/lib/</path>
         <kind>archive</kind>
         <file>rts430x_lc_ld_eabi.lib</file>
         <name>cpy_tbl.c.obj</name>
      </input_file>
      <input_file id="fl-95">
         <path>/home/rtos/ti/ccs1010/ccs/tools/compiler/ti-cgt-msp430_20.2.1.LTS/lib/</path>
         <kind>archive</kind>
         <file>rts430x_lc_ld_eabi.lib</file>
         <name>exit.c.obj</name>
      </input_file>
      <input_file id="fl-96">
         <path>/home/rtos/ti/ccs1010/ccs/tools/compiler/ti-cgt-msp430_20.2.1.LTS/lib/</path>
         <kind>archive</kind>
         <file>rts430x_lc_ld_eabi.lib</file>
         <name>exit_gvars.c.obj</name>
      </input_file>
      <input_file id="fl-97">
         <path>/home/rtos/ti/ccs1010/ccs/tools/compiler/ti-cgt-msp430_20.2.1.LTS/lib/</path>
         <kind>archive</kind>
         <file>rts430x_lc_ld_eabi.lib</file>
         <name>_lock.c.obj</name>
      </input_file>
      <input_file id="fl-98">
         <path>/home/rtos/ti/ccs1010/ccs/tools/compiler/ti-cgt-msp430_20.2.1.LTS/lib/</path>
         <kind>archive</kind>
         <file>rts430x_lc_ld_eabi.lib</file>
         <name>memcpy.c.obj</name>
      </input_file>
      <input_file id="fl-99">
         <path>/home/rtos/ti/ccs1010/ccs/tools/compiler/ti-cgt-msp430_20.2.1.LTS/lib/</path>
         <kind>archive</kind>
         <file>rts430x_lc_ld_eabi.lib</file>
         <name>memset.c.obj</name>
      </input_file>
      <input_file id="fl-9a">
         <path>/home/rtos/ti/ccs1010/ccs/tools/compiler/ti-cgt-msp430_20.2.1.LTS/lib/</path>
         <kind>archive</kind>
         <file>rts430x_lc_ld_eabi.lib</file>
         <name>fputc.c.obj</name>
      </input_file>
      <input_file id="fl-9b">
         <path>/home/rtos/ti/ccs1010/ccs/tools/compiler/ti-cgt-msp430_20.2.1.LTS/lib/</path>
         <kind>archive</kind>
         <file>rts430x_lc_ld_eabi.lib</file>
         <name>fflush.c.obj</name>
      </input_file>
      <input_file id="fl-9c">
         <path>/home/rtos/ti/ccs1010/ccs/tools/compiler/ti-cgt-msp430_20.2.1.LTS/lib/</path>
         <kind>archive</kind>
         <file>rts430x_lc_ld_eabi.lib</file>
         <name>defs.c.obj</name>
      </input_file>
      <input_file id="fl-9d">
         <path>/home/rtos/ti/ccs1010/ccs/tools/compiler/ti-cgt-msp430_20.2.1.LTS/lib/</path>
         <kind>archive</kind>
         <file>rts430x_lc_ld_eabi.lib</file>
         <name>_io_perm.c.obj</name>
      </input_file>
      <input_file id="fl-9e">
         <path>/home/rtos/ti/ccs1010/ccs/tools/compiler/ti-cgt-msp430_20.2.1.LTS/lib/</path>
         <kind>archive</kind>
         <file>rts430x_lc_ld_eabi.lib</file>
         <name>fseek.c.obj</name>
      </input_file>
      <input_file id="fl-9f">
         <path>/home/rtos/ti/ccs1010/ccs/tools/compiler/ti-cgt-msp430_20.2.1.LTS/lib/</path>
         <kind>archive</kind>
         <file>rts430x_lc_ld_eabi.lib</file>
         <name>lseek.c.obj</name>
      </input_file>
      <input_file id="fl-a0">
         <path>/home/rtos/ti/ccs1010/ccs/tools/compiler/ti-cgt-msp430_20.2.1.LTS/lib/</path>
         <kind>archive</kind>
         <file>rts430x_lc_ld_eabi.lib</file>
         <name>host_device.c.obj</name>
      </input_file>
      <input_file id="fl-a1">
         <path>/home/rtos/ti/ccs1010/ccs/tools/compiler/ti-cgt-msp430_20.2.1.LTS/lib/</path>
         <kind>archive</kind>
         <file>rts430x_lc_ld_eabi.lib</file>
         <name>hostclose.c.obj</name>
      </input_file>
      <input_file id="fl-a2">
         <path>/home/rtos/ti/ccs1010/ccs/tools/compiler/ti-cgt-msp430_20.2.1.LTS/lib/</path>
         <kind>archive</kind>
         <file>rts430x_lc_ld_eabi.lib</file>
         <name>hostlseek.c.obj</name>
      </input_file>
      <input_file id="fl-a3">
         <path>/home/rtos/ti/ccs1010/ccs/tools/compiler/ti-cgt-msp430_20.2.1.LTS/lib/</path>
         <kind>archive</kind>
         <file>rts430x_lc_ld_eabi.lib</file>
         <name>hostopen.c.obj</name>
      </input_file>
      <input_file id="fl-a4">
         <path>/home/rtos/ti/ccs1010/ccs/tools/compiler/ti-cgt-msp430_20.2.1.LTS/lib/</path>
         <kind>archive</kind>
         <file>rts430x_lc_ld_eabi.lib</file>
         <name>hostread.c.obj</name>
      </input_file>
      <input_file id="fl-a5">
         <path>/home/rtos/ti/ccs1010/ccs/tools/compiler/ti-cgt-msp430_20.2.1.LTS/lib/</path>
         <kind>archive</kind>
         <file>rts430x_lc_ld_eabi.lib</file>
         <name>hostrename.c.obj</name>
      </input_file>
      <input_file id="fl-a6">
         <path>/home/rtos/ti/ccs1010/ccs/tools/compiler/ti-cgt-msp430_20.2.1.LTS/lib/</path>
         <kind>archive</kind>
         <file>rts430x_lc_ld_eabi.lib</file>
         <name>hostunlink.c.obj</name>
      </input_file>
      <input_file id="fl-a7">
         <path>/home/rtos/ti/ccs1010/ccs/tools/compiler/ti-cgt-msp430_20.2.1.LTS/lib/</path>
         <kind>archive</kind>
         <file>rts430x_lc_ld_eabi.lib</file>
         <name>hostwrite.c.obj</name>
      </input_file>
      <input_file id="fl-a8">
         <path>/home/rtos/ti/ccs1010/ccs/tools/compiler/ti-cgt-msp430_20.2.1.LTS/lib/</path>
         <kind>archive</kind>
         <file>rts430x_lc_ld_eabi.lib</file>
         <name>trgmsg.c.obj</name>
      </input_file>
      <input_file id="fl-a9">
         <path>/home/rtos/ti/ccs1010/ccs/tools/compiler/ti-cgt-msp430_20.2.1.LTS/lib/</path>
         <kind>archive</kind>
         <file>rts430x_lc_ld_eabi.lib</file>
         <name>lsl32.asm.obj</name>
      </input_file>
      <input_file id="fl-aa">
         <path>/home/rtos/ti/ccs1010/ccs/tools/compiler/ti-cgt-msp430_20.2.1.LTS/lib/</path>
         <kind>archive</kind>
         <file>rts430x_lc_ld_eabi.lib</file>
         <name>rand.c.obj</name>
      </input_file>
      <input_file id="fl-ab">
         <path>/home/rtos/ti/ccs1010/ccs/tools/compiler/ti-cgt-msp430_20.2.1.LTS/lib/</path>
         <kind>archive</kind>
         <file>rts430x_lc_ld_eabi.lib</file>
         <name>setvbuf.c.obj</name>
      </input_file>
      <input_file id="fl-ac">
         <path>/home/rtos/ti/ccs1010/ccs/tools/compiler/ti-cgt-msp430_20.2.1.LTS/lib/</path>
         <kind>archive</kind>
         <file>rts430x_lc_ld_eabi.lib</file>
         <name>fopen.c.obj</name>
      </input_file>
      <input_file id="fl-ad">
         <path>/home/rtos/ti/ccs1010/ccs/tools/compiler/ti-cgt-msp430_20.2.1.LTS/lib/</path>
         <kind>archive</kind>
         <file>rts430x_lc_ld_eabi.lib</file>
         <name>fclose.c.obj</name>
      </input_file>
      <input_file id="fl-ae">
         <path>/home/rtos/ti/ccs1010/ccs/tools/compiler/ti-cgt-msp430_20.2.1.LTS/lib/</path>
         <kind>archive</kind>
         <file>rts430x_lc_ld_eabi.lib</file>
         <name>close.c.obj</name>
      </input_file>
      <input_file id="fl-af">
         <path>/home/rtos/ti/ccs1010/ccs/tools/compiler/ti-cgt-msp430_20.2.1.LTS/lib/</path>
         <kind>archive</kind>
         <file>rts430x_lc_ld_eabi.lib</file>
         <name>memory.c.obj</name>
      </input_file>
      <input_file id="fl-b0">
         <path>/home/rtos/ti/ccs1010/ccs/tools/compiler/ti-cgt-msp430_20.2.1.LTS/lib/</path>
         <kind>archive</kind>
         <file>rts430x_lc_ld_eabi.lib</file>
         <name>open.c.obj</name>
      </input_file>
      <input_file id="fl-b1">
         <path>/home/rtos/ti/ccs1010/ccs/tools/compiler/ti-cgt-msp430_20.2.1.LTS/lib/</path>
         <kind>archive</kind>
         <file>rts430x_lc_ld_eabi.lib</file>
         <name>getdevice.c.obj</name>
      </input_file>
      <input_file id="fl-b2">
         <path>/home/rtos/ti/ccs1010/ccs/tools/compiler/ti-cgt-msp430_20.2.1.LTS/lib/</path>
         <kind>archive</kind>
         <file>rts430x_lc_ld_eabi.lib</file>
         <name>remove.c.obj</name>
      </input_file>
      <input_file id="fl-b3">
         <path>/home/rtos/ti/ccs1010/ccs/tools/compiler/ti-cgt-msp430_20.2.1.LTS/lib/</path>
         <kind>archive</kind>
         <file>rts430x_lc_ld_eabi.lib</file>
         <name>sprintf.c.obj</name>
      </input_file>
      <input_file id="fl-b4">
         <path>/home/rtos/ti/ccs1010/ccs/tools/compiler/ti-cgt-msp430_20.2.1.LTS/lib/</path>
         <kind>archive</kind>
         <file>rts430x_lc_ld_eabi.lib</file>
         <name>_printfi_min.c.obj</name>
      </input_file>
      <input_file id="fl-b5">
         <path>/home/rtos/ti/ccs1010/ccs/tools/compiler/ti-cgt-msp430_20.2.1.LTS/lib/</path>
         <kind>archive</kind>
         <file>rts430x_lc_ld_eabi.lib</file>
         <name>lsr64.c.obj</name>
      </input_file>
      <input_file id="fl-b6">
         <path>/home/rtos/ti/ccs1010/ccs/tools/compiler/ti-cgt-msp430_20.2.1.LTS/lib/</path>
         <kind>archive</kind>
         <file>rts430x_lc_ld_eabi.lib</file>
         <name>memccpy.c.obj</name>
      </input_file>
      <input_file id="fl-b7">
         <path>/home/rtos/ti/ccs1010/ccs/tools/compiler/ti-cgt-msp430_20.2.1.LTS/lib/</path>
         <kind>archive</kind>
         <file>rts430x_lc_ld_eabi.lib</file>
         <name>strchr.c.obj</name>
      </input_file>
      <input_file id="fl-b8">
         <path>/home/rtos/ti/ccs1010/ccs/tools/compiler/ti-cgt-msp430_20.2.1.LTS/lib/</path>
         <kind>archive</kind>
         <file>rts430x_lc_ld_eabi.lib</file>
         <name>strcmp.c.obj</name>
      </input_file>
      <input_file id="fl-b9">
         <path>/home/rtos/ti/ccs1010/ccs/tools/compiler/ti-cgt-msp430_20.2.1.LTS/lib/</path>
         <kind>archive</kind>
         <file>rts430x_lc_ld_eabi.lib</file>
         <name>strcpy.c.obj</name>
      </input_file>
      <input_file id="fl-ba">
         <path>/home/rtos/ti/ccs1010/ccs/tools/compiler/ti-cgt-msp430_20.2.1.LTS/lib/</path>
         <kind>archive</kind>
         <file>rts430x_lc_ld_eabi.lib</file>
         <name>strlen.c.obj</name>
      </input_file>
      <input_file id="fl-bb">
         <path>/home/rtos/ti/ccs1010/ccs/tools/compiler/ti-cgt-msp430_20.2.1.LTS/lib/</path>
         <kind>archive</kind>
         <file>rts430x_lc_ld_eabi.lib</file>
         <name>strncat.c.obj</name>
      </input_file>
      <input_file id="fl-bc">
         <path>/home/rtos/ti/ccs1010/ccs/tools/compiler/ti-cgt-msp430_20.2.1.LTS/lib/</path>
         <kind>archive</kind>
         <file>rts430x_lc_ld_eabi.lib</file>
         <name>strncmp.c.obj</name>
      </input_file>
      <input_file id="fl-bd">
         <path>/home/rtos/ti/ccs1010/ccs/tools/compiler/ti-cgt-msp430_20.2.1.LTS/lib/</path>
         <kind>archive</kind>
         <file>rts430x_lc_ld_eabi.lib</file>
         <name>strncpy.c.obj</name>
      </input_file>
      <input_file id="fl-be">
         <path>/home/rtos/ti/ccs1010/ccs/tools/compiler/ti-cgt-msp430_20.2.1.LTS/lib/</path>
         <kind>archive</kind>
         <file>rts430x_lc_ld_eabi.lib</file>
         <name>time.c.obj</name>
      </input_file>
      <input_file id="fl-bf">
         <path>/home/rtos/ti/ccs1010/ccs/tools/compiler/ti-cgt-msp430_20.2.1.LTS/lib/</path>
         <kind>archive</kind>
         <file>rts430x_lc_ld_eabi.lib</file>
         <name>hosttime.c.obj</name>
      </input_file>
      <input_file id="fl-c0">
         <path>/home/rtos/ti/ccs1010/ccs/tools/compiler/ti-cgt-msp430_20.2.1.LTS/lib/</path>
         <kind>archive</kind>
         <file>rts430x_lc_ld_eabi.lib</file>
         <name>unlink.c.obj</name>
      </input_file>
      <input_file id="fl-c1">
         <path>/home/rtos/ti/ccs1010/ccs/tools/compiler/ti-cgt-msp430_20.2.1.LTS/lib/</path>
         <kind>archive</kind>
         <file>rts430x_lc_ld_eabi.lib</file>
         <name>write.c.obj</name>
      </input_file>
   </input_file_list>
   <object_component_list>
      <object_component id="oc-af1">
         <name>.TI.persistent:ucHeap</name>
         <load_address>0x4000</load_address>
         <run_address>0x4000</run_address>
         <size>0x3800</size>
         <input_file_ref idref="fl-4"/>
      </object_component>
      <object_component id="oc-7e6">
         <name>.TI.persistent</name>
         <load_address>0x7800</load_address>
         <run_address>0x7800</run_address>
         <size>0x8</size>
         <input_file_ref idref="fl-4"/>
      </object_component>
      <object_component id="oc-ac0">
         <name>.cio</name>
         <load_address>0x7808</load_address>
         <run_address>0x7808</run_address>
         <size>0x120</size>
         <input_file_ref idref="fl-a8"/>
      </object_component>
      <object_component id="oc-69e">
         <name>.sysmem</name>
         <load_address>0x7928</load_address>
         <run_address>0x7928</run_address>
         <size>0x8</size>
         <input_file_ref idref="fl-af"/>
      </object_component>
      <object_component id="oc-d2a">
         <name>.sysmem</name>
         <load_address>0x7928</load_address>
         <run_address>0x7928</run_address>
         <size>0x0</size>
      </object_component>
      <object_component id="oc-d28">
         <name>.cinit..data.load</name>
         <load_address>0x80f6</load_address>
         <run_address>0x80f6</run_address>
         <size>0x57</size>
      </object_component>
      <object_component id="oc-d25">
         <name>__TI_handler_table</name>
         <load_address>0x814e</load_address>
         <run_address>0x814e</run_address>
         <size>0xc</size>
      </object_component>
      <object_component id="oc-d27">
         <name>.cinit..bss.load</name>
         <load_address>0x815a</load_address>
         <run_address>0x815a</run_address>
         <size>0x6</size>
      </object_component>
      <object_component id="oc-d26">
         <name>__TI_cinit_table</name>
         <load_address>0x8160</load_address>
         <run_address>0x8160</run_address>
         <size>0x10</size>
      </object_component>
      <object_component id="oc-cb4">
         <name>.binit</name>
         <load_address>0x4000</load_address>
         <run_address>0x4000</run_address>
         <size>0x0</size>
      </object_component>
      <object_component id="oc-6ca">
         <name>.text:_isr:prvUSCI_A0_ISR</name>
         <load_address>0x8000</load_address>
         <run_address>0x8000</run_address>
         <size>0x6a</size>
         <input_file_ref idref="fl-16"/>
      </object_component>
      <object_component id="oc-6e2">
         <name>.text:_isr:_c_int00_noargs</name>
         <load_address>0x806a</load_address>
         <run_address>0x806a</run_address>
         <size>0x1c</size>
         <input_file_ref idref="fl-8e"/>
      </object_component>
      <object_component id="oc-6be">
         <name>.text:_isr:v4RunTimeStatsTimerOverflow</name>
         <load_address>0x8086</load_address>
         <run_address>0x8086</run_address>
         <size>0x14</size>
         <input_file_ref idref="fl-15"/>
      </object_component>
      <object_component id="oc-6c4">
         <name>.text:_isr:vTickISREntry</name>
         <load_address>0x809a</load_address>
         <run_address>0x809a</run_address>
         <size>0x10</size>
         <input_file_ref idref="fl-f"/>
      </object_component>
      <object_component id="oc-6b9">
         <name>.text:_isr:__TI_ISR_TRAP</name>
         <load_address>0x80aa</load_address>
         <run_address>0x80aa</run_address>
         <size>0x8</size>
         <input_file_ref idref="fl-5d"/>
      </object_component>
      <object_component id="oc-9cf">
         <name>.const:GPIO_PORT_TO_BASE</name>
         <load_address>0x80b2</load_address>
         <run_address>0x80b2</run_address>
         <size>0x1c</size>
         <input_file_ref idref="fl-2b"/>
      </object_component>
      <object_component id="oc-960">
         <name>.const:.string</name>
         <load_address>0x80ce</load_address>
         <run_address>0x80ce</run_address>
         <size>0x16</size>
         <input_file_ref idref="fl-d"/>
      </object_component>
      <object_component id="oc-7fb">
         <name>.const:.string</name>
         <load_address>0x80e4</load_address>
         <run_address>0x80e4</run_address>
         <size>0x8</size>
         <input_file_ref idref="fl-4"/>
      </object_component>
      <object_component id="oc-ae1">
         <name>.const:.string</name>
         <load_address>0x80ec</load_address>
         <run_address>0x80ec</run_address>
         <size>0x8</size>
         <input_file_ref idref="fl-5"/>
      </object_component>
      <object_component id="oc-967">
         <name>.const</name>
         <load_address>0x80f4</load_address>
         <run_address>0x80f4</run_address>
         <size>0x2</size>
         <input_file_ref idref="fl-d"/>
      </object_component>
      <object_component id="oc-797">
         <name>.text:xTaskIncrementTick</name>
         <load_address>0x17744</load_address>
         <run_address>0x17744</run_address>
         <size>0x1d8</size>
         <input_file_ref idref="fl-d"/>
      </object_component>
      <object_component id="oc-bdb">
         <name>.text:aligned_alloc</name>
         <load_address>0x1791c</load_address>
         <run_address>0x1791c</run_address>
         <size>0x1c2</size>
         <input_file_ref idref="fl-af"/>
      </object_component>
      <object_component id="oc-a31">
         <name>.text:tiny_print</name>
         <load_address>0x17ade</load_address>
         <run_address>0x17ade</run_address>
         <size>0x1c0</size>
         <input_file_ref idref="fl-5"/>
      </object_component>
      <object_component id="oc-910">
         <name>.text</name>
         <load_address>0x17c9e</load_address>
         <run_address>0x17c9e</run_address>
         <size>0x19c</size>
         <input_file_ref idref="fl-3"/>
      </object_component>
      <object_component id="oc-a50">
         <name>.text:xTaskResumeAll</name>
         <load_address>0x17e3a</load_address>
         <run_address>0x17e3a</run_address>
         <size>0x18c</size>
         <input_file_ref idref="fl-d"/>
      </object_component>
      <object_component id="oc-941">
         <name>.text:pvPortMalloc</name>
         <load_address>0x17fc6</load_address>
         <run_address>0x17fc6</run_address>
         <size>0x184</size>
         <input_file_ref idref="fl-11"/>
      </object_component>
      <object_component id="oc-b95">
         <name>.text:free</name>
         <load_address>0x1814a</load_address>
         <run_address>0x1814a</run_address>
         <size>0x14c</size>
         <input_file_ref idref="fl-af"/>
      </object_component>
      <object_component id="oc-7b7">
         <name>.text:xTaskRemoveFromEventList</name>
         <load_address>0x18296</load_address>
         <run_address>0x18296</run_address>
         <size>0x14c</size>
         <input_file_ref idref="fl-d"/>
      </object_component>
      <object_component id="oc-94d">
         <name>.text:prvInitialiseNewTask</name>
         <load_address>0x183e2</load_address>
         <run_address>0x183e2</run_address>
         <size>0x126</size>
         <input_file_ref idref="fl-d"/>
      </object_component>
      <object_component id="oc-b7c">
         <name>.text:setvbuf</name>
         <load_address>0x18508</load_address>
         <run_address>0x18508</run_address>
         <size>0xfa</size>
         <input_file_ref idref="fl-ab"/>
      </object_component>
      <object_component id="oc-adb">
         <name>.text:printi</name>
         <load_address>0x18602</load_address>
         <run_address>0x18602</run_address>
         <size>0xf0</size>
         <input_file_ref idref="fl-5"/>
      </object_component>
      <object_component id="oc-7d4">
         <name>.text:prvSetupHardware</name>
         <load_address>0x186f2</load_address>
         <run_address>0x186f2</run_address>
         <size>0xe8</size>
         <input_file_ref idref="fl-4"/>
      </object_component>
      <object_component id="oc-953">
         <name>.text:prvAddNewTaskToReadyList</name>
         <load_address>0x187da</load_address>
         <run_address>0x187da</run_address>
         <size>0xe2</size>
         <input_file_ref idref="fl-d"/>
      </object_component>
      <object_component id="oc-898">
         <name>.text:xTaskPriorityDisinherit</name>
         <load_address>0x188bc</load_address>
         <run_address>0x188bc</run_address>
         <size>0xd0</size>
         <input_file_ref idref="fl-d"/>
      </object_component>
      <object_component id="oc-a41">
         <name>.text:prvHeapInit</name>
         <load_address>0x1898c</load_address>
         <run_address>0x1898c</run_address>
         <size>0xc6</size>
         <input_file_ref idref="fl-11"/>
      </object_component>
      <object_component id="oc-c27">
         <name>.text:split</name>
         <load_address>0x18a52</load_address>
         <run_address>0x18a52</run_address>
         <size>0xc2</size>
         <input_file_ref idref="fl-af"/>
      </object_component>
      <object_component id="oc-7f5">
         <name>.text:myTask</name>
         <load_address>0x18b14</load_address>
         <run_address>0x18b14</run_address>
         <size>0xac</size>
         <input_file_ref idref="fl-4"/>
      </object_component>
      <object_component id="oc-728">
         <name>.text</name>
         <load_address>0x18bc0</load_address>
         <run_address>0x18bc0</run_address>
         <size>0xa6</size>
         <input_file_ref idref="fl-10"/>
      </object_component>
      <object_component id="oc-7b1">
         <name>.text:prvCopyDataToQueue</name>
         <load_address>0x18c66</load_address>
         <run_address>0x18c66</run_address>
         <size>0x9e</size>
         <input_file_ref idref="fl-b"/>
      </object_component>
      <object_component id="oc-c06">
         <name>.text:HOSTlseek</name>
         <load_address>0x18d04</load_address>
         <run_address>0x18d04</run_address>
         <size>0x9a</size>
         <input_file_ref idref="fl-a2"/>
      </object_component>
      <object_component id="oc-947">
         <name>.text:vPortFree</name>
         <load_address>0x18d9e</load_address>
         <run_address>0x18d9e</run_address>
         <size>0x98</size>
         <input_file_ref idref="fl-11"/>
      </object_component>
      <object_component id="oc-731">
         <name>.text:xQueueGenericSendFromISR</name>
         <load_address>0x18e36</load_address>
         <run_address>0x18e36</run_address>
         <size>0x94</size>
         <input_file_ref idref="fl-b"/>
      </object_component>
      <object_component id="oc-b50">
         <name>.text:fputc</name>
         <load_address>0x18eca</load_address>
         <run_address>0x18eca</run_address>
         <size>0x90</size>
         <input_file_ref idref="fl-9a"/>
      </object_component>
      <object_component id="oc-7fc">
         <name>.text:xTaskCreate</name>
         <load_address>0x18f5a</load_address>
         <run_address>0x18f5a</run_address>
         <size>0x8a</size>
         <input_file_ref idref="fl-d"/>
      </object_component>
      <object_component id="oc-b5b">
         <name>.text:__TI_wrt_ok</name>
         <load_address>0x18fe4</load_address>
         <run_address>0x18fe4</run_address>
         <size>0x86</size>
         <input_file_ref idref="fl-9d"/>
      </object_component>
      <object_component id="oc-ad5">
         <name>.text:prints</name>
         <load_address>0x1906a</load_address>
         <run_address>0x1906a</run_address>
         <size>0x86</size>
         <input_file_ref idref="fl-5"/>
      </object_component>
      <object_component id="oc-737">
         <name>.text:xQueueReceiveFromISR</name>
         <load_address>0x190f0</load_address>
         <run_address>0x190f0</run_address>
         <size>0x7e</size>
         <input_file_ref idref="fl-b"/>
      </object_component>
      <object_component id="oc-79d">
         <name>.text:vTaskSwitchContext</name>
         <load_address>0x1916e</load_address>
         <run_address>0x1916e</run_address>
         <size>0x7c</size>
         <input_file_ref idref="fl-d"/>
      </object_component>
      <object_component id="oc-82d">
         <name>.text:__TI_auto_init_nobinit_nopinit_hold_wdt:__TI_auto_init_nobinit_nopinit_hold_wdt</name>
         <load_address>0x191ea</load_address>
         <run_address>0x191ea</run_address>
         <size>0x78</size>
         <input_file_ref idref="fl-91"/>
      </object_component>
      <object_component id="oc-84">
         <name>.text:decompress:lzss:__TI_decompress_lzss</name>
         <load_address>0x19262</load_address>
         <run_address>0x19262</run_address>
         <size>0x76</size>
         <input_file_ref idref="fl-5a"/>
      </object_component>
      <object_component id="oc-c12">
         <name>.text:HOSTrename</name>
         <load_address>0x192d8</load_address>
         <run_address>0x192d8</run_address>
         <size>0x74</size>
         <input_file_ref idref="fl-a5"/>
      </object_component>
      <object_component id="oc-be2">
         <name>.text:__TI_closefile</name>
         <load_address>0x1934c</load_address>
         <run_address>0x1934c</run_address>
         <size>0x74</size>
         <input_file_ref idref="fl-ad"/>
      </object_component>
      <object_component id="oc-b76">
         <name>.text:fseek</name>
         <load_address>0x193c0</load_address>
         <run_address>0x193c0</run_address>
         <size>0x74</size>
         <input_file_ref idref="fl-9e"/>
      </object_component>
      <object_component id="oc-8c2">
         <name>.text:GPIO_setAsPeripheralModuleFunctionInputPin</name>
         <load_address>0x19434</load_address>
         <run_address>0x19434</run_address>
         <size>0x72</size>
         <input_file_ref idref="fl-2b"/>
      </object_component>
      <object_component id="oc-8c8">
         <name>.text:GPIO_setAsPeripheralModuleFunctionOutputPin</name>
         <load_address>0x194a6</load_address>
         <run_address>0x194a6</run_address>
         <size>0x72</size>
         <input_file_ref idref="fl-2b"/>
      </object_component>
      <object_component id="oc-a4a">
         <name>.text:prvInsertBlockIntoFreeList</name>
         <load_address>0x19518</load_address>
         <run_address>0x19518</run_address>
         <size>0x72</size>
         <input_file_ref idref="fl-11"/>
      </object_component>
      <object_component id="oc-bee">
         <name>.text:HOSTopen</name>
         <load_address>0x1958a</load_address>
         <run_address>0x1958a</run_address>
         <size>0x70</size>
         <input_file_ref idref="fl-a3"/>
      </object_component>
      <object_component id="oc-c00">
         <name>.text:HOSTwrite</name>
         <load_address>0x195fa</load_address>
         <run_address>0x195fa</run_address>
         <size>0x6c</size>
         <input_file_ref idref="fl-a7"/>
      </object_component>
      <object_component id="oc-bfa">
         <name>.text:HOSTread</name>
         <load_address>0x19666</load_address>
         <run_address>0x19666</run_address>
         <size>0x6a</size>
         <input_file_ref idref="fl-a4"/>
      </object_component>
      <object_component id="oc-8da">
         <name>.text:CS_initClockSignal</name>
         <load_address>0x196d0</load_address>
         <run_address>0x196d0</run_address>
         <size>0x66</size>
         <input_file_ref idref="fl-23"/>
      </object_component>
      <object_component id="oc-c5f">
         <name>.text:getdevice</name>
         <load_address>0x19736</load_address>
         <run_address>0x19736</run_address>
         <size>0x62</size>
         <input_file_ref idref="fl-b1"/>
      </object_component>
      <object_component id="oc-a72">
         <name>.text:prvInitialiseTaskLists</name>
         <load_address>0x19798</load_address>
         <run_address>0x19798</run_address>
         <size>0x62</size>
         <input_file_ref idref="fl-d"/>
      </object_component>
      <object_component id="oc-b61">
         <name>.text:__TI_doflush</name>
         <load_address>0x197fa</load_address>
         <run_address>0x197fa</run_address>
         <size>0x60</size>
         <input_file_ref idref="fl-9b"/>
      </object_component>
      <object_component id="oc-802">
         <name>.text:vTaskStartScheduler</name>
         <load_address>0x1985a</load_address>
         <run_address>0x1985a</run_address>
         <size>0x5e</size>
         <input_file_ref idref="fl-d"/>
      </object_component>
      <object_component id="oc-c2e">
         <name>.text:close</name>
         <load_address>0x198b8</load_address>
         <run_address>0x198b8</run_address>
         <size>0x5a</size>
         <input_file_ref idref="fl-ae"/>
      </object_component>
      <object_component id="oc-756">
         <name>.text:main</name>
         <load_address>0x19912</load_address>
         <run_address>0x19912</run_address>
         <size>0x58</size>
         <input_file_ref idref="fl-4"/>
      </object_component>
      <object_component id="oc-8ed">
         <name>.text:HOSTtime</name>
         <load_address>0x1996a</load_address>
         <run_address>0x1996a</run_address>
         <size>0x56</size>
         <input_file_ref idref="fl-bf"/>
      </object_component>
      <object_component id="oc-a79">
         <name>.text:prvCheckTasksWaitingTermination</name>
         <load_address>0x199c0</load_address>
         <run_address>0x199c0</run_address>
         <size>0x50</size>
         <input_file_ref idref="fl-d"/>
      </object_component>
      <object_component id="oc-bf4">
         <name>.text:HOSTclose</name>
         <load_address>0x19a10</load_address>
         <run_address>0x19a10</run_address>
         <size>0x4e</size>
         <input_file_ref idref="fl-a1"/>
      </object_component>
      <object_component id="oc-c81">
         <name>.text:strncpy</name>
         <load_address>0x19a5e</load_address>
         <run_address>0x19a5e</run_address>
         <size>0x4e</size>
         <input_file_ref idref="fl-bd"/>
      </object_component>
      <object_component id="oc-80f">
         <name>.text:exit</name>
         <load_address>0x19aac</load_address>
         <run_address>0x19aac</run_address>
         <size>0x4a</size>
         <input_file_ref idref="fl-95"/>
      </object_component>
      <object_component id="oc-c0c">
         <name>.text:HOSTunlink</name>
         <load_address>0x19af6</load_address>
         <run_address>0x19af6</run_address>
         <size>0x46</size>
         <input_file_ref idref="fl-a6"/>
      </object_component>
      <object_component id="oc-bd4">
         <name>.text:free_list_insert</name>
         <load_address>0x19b3c</load_address>
         <run_address>0x19b3c</run_address>
         <size>0x46</size>
         <input_file_ref idref="fl-af"/>
      </object_component>
      <object_component id="oc-920">
         <name>.text:rand</name>
         <load_address>0x19b82</load_address>
         <run_address>0x19b82</run_address>
         <size>0x40</size>
         <input_file_ref idref="fl-aa"/>
      </object_component>
      <object_component id="oc-977">
         <name>.text:l_asr_const</name>
         <load_address>0x19bc2</load_address>
         <run_address>0x19bc2</run_address>
         <size>0x3e</size>
         <input_file_ref idref="fl-92"/>
      </object_component>
      <object_component id="oc-9ed">
         <name>.text:l_lsl_const</name>
         <load_address>0x19c00</load_address>
         <run_address>0x19c00</run_address>
         <size>0x3e</size>
         <input_file_ref idref="fl-a9"/>
      </object_component>
      <object_component id="oc-b8d">
         <name>.text:lseek</name>
         <load_address>0x19c3e</load_address>
         <run_address>0x19c3e</run_address>
         <size>0x3e</size>
         <input_file_ref idref="fl-9f"/>
      </object_component>
      <object_component id="oc-92e">
         <name>.text:backup1</name>
         <load_address>0x19c7c</load_address>
         <run_address>0x19c7c</run_address>
         <size>0x3c</size>
         <input_file_ref idref="fl-4"/>
      </object_component>
      <object_component id="oc-934">
         <name>.text:backup2</name>
         <load_address>0x19cb8</load_address>
         <run_address>0x19cb8</run_address>
         <size>0x3c</size>
         <input_file_ref idref="fl-4"/>
      </object_component>
      <object_component id="oc-6ac">
         <name>.text:memcpy</name>
         <load_address>0x19cf4</load_address>
         <run_address>0x19cf4</run_address>
         <size>0x3c</size>
         <input_file_ref idref="fl-98"/>
      </object_component>
      <object_component id="oc-7ef">
         <name>.text:restore1</name>
         <load_address>0x19d30</load_address>
         <run_address>0x19d30</run_address>
         <size>0x3c</size>
         <input_file_ref idref="fl-4"/>
      </object_component>
      <object_component id="oc-7e9">
         <name>.text:restore2</name>
         <load_address>0x19d6c</load_address>
         <run_address>0x19d6c</run_address>
         <size>0x3c</size>
         <input_file_ref idref="fl-4"/>
      </object_component>
      <object_component id="oc-b67">
         <name>.text:write</name>
         <load_address>0x19da8</load_address>
         <run_address>0x19da8</run_address>
         <size>0x3c</size>
         <input_file_ref idref="fl-c1"/>
      </object_component>
      <object_component id="oc-8e0">
         <name>.text:CS_turnOnLFXT</name>
         <load_address>0x19de4</load_address>
         <run_address>0x19de4</run_address>
         <size>0x3a</size>
         <input_file_ref idref="fl-23"/>
      </object_component>
      <object_component id="oc-9c6">
         <name>.text:uxListRemove</name>
         <load_address>0x19e1e</load_address>
         <run_address>0x19e1e</run_address>
         <size>0x3a</size>
         <input_file_ref idref="fl-a"/>
      </object_component>
      <object_component id="oc-ba1">
         <name>.text:__TI_cleanup</name>
         <load_address>0x19e58</load_address>
         <run_address>0x19e58</run_address>
         <size>0x36</size>
         <input_file_ref idref="fl-ac"/>
      </object_component>
      <object_component id="oc-9e1">
         <name>.text:__TI_writemsg</name>
         <load_address>0x19e8e</load_address>
         <run_address>0x19e8e</run_address>
         <size>0x36</size>
         <input_file_ref idref="fl-a8"/>
      </object_component>
      <object_component id="oc-c87">
         <name>.text:finddevice</name>
         <load_address>0x19ec4</load_address>
         <run_address>0x19ec4</run_address>
         <size>0x36</size>
         <input_file_ref idref="fl-b1"/>
      </object_component>
      <object_component id="oc-ae2">
         <name>.text:printchar</name>
         <load_address>0x19efa</load_address>
         <run_address>0x19efa</run_address>
         <size>0x36</size>
         <input_file_ref idref="fl-5"/>
      </object_component>
      <object_component id="oc-8bc">
         <name>.text:GPIO_setAsOutputPin</name>
         <load_address>0x19f30</load_address>
         <run_address>0x19f30</run_address>
         <size>0x34</size>
         <input_file_ref idref="fl-2b"/>
      </object_component>
      <object_component id="oc-7c4">
         <name>.text:prvCopyDataFromQueue</name>
         <load_address>0x19f64</load_address>
         <run_address>0x19f64</run_address>
         <size>0x34</size>
         <input_file_ref idref="fl-b"/>
      </object_component>
      <object_component id="oc-9e7">
         <name>.text:__TI_readmsg</name>
         <load_address>0x19f98</load_address>
         <run_address>0x19f98</run_address>
         <size>0x32</size>
         <input_file_ref idref="fl-a8"/>
      </object_component>
      <object_component id="oc-c35">
         <name>.text:unlink</name>
         <load_address>0x19fca</load_address>
         <run_address>0x19fca</run_address>
         <size>0x30</size>
         <input_file_ref idref="fl-c0"/>
      </object_component>
      <object_component id="oc-926">
         <name>.text</name>
         <load_address>0x19ffa</load_address>
         <run_address>0x19ffa</run_address>
         <size>0x2c</size>
         <input_file_ref idref="fl-80"/>
      </object_component>
      <object_component id="oc-b0a">
         <name>.text:vListInitialise</name>
         <load_address>0x1a026</load_address>
         <run_address>0x1a026</run_address>
         <size>0x2c</size>
         <input_file_ref idref="fl-a"/>
      </object_component>
      <object_component id="oc-bce">
         <name>.text:free_list_remove</name>
         <load_address>0x1a052</load_address>
         <run_address>0x1a052</run_address>
         <size>0x2a</size>
         <input_file_ref idref="fl-af"/>
      </object_component>
      <object_component id="oc-880">
         <name>.text:prvResetNextTaskUnblockTime</name>
         <load_address>0x1a07c</load_address>
         <run_address>0x1a07c</run_address>
         <size>0x28</size>
         <input_file_ref idref="fl-d"/>
      </object_component>
      <object_component id="oc-7a3">
         <name>.text:vApplicationSetupTimerInterrupt</name>
         <load_address>0x1a0a4</load_address>
         <run_address>0x1a0a4</run_address>
         <size>0x26</size>
         <input_file_ref idref="fl-4"/>
      </object_component>
      <object_component id="oc-6d0">
         <name>.text:decompress:ZI:__TI_zero_init_nomemset:__TI_zero_init_nomemset</name>
         <load_address>0x1a0ca</load_address>
         <run_address>0x1a0ca</run_address>
         <size>0x24</size>
         <input_file_ref idref="fl-7f"/>
      </object_component>
      <object_component id="oc-a6b">
         <name>.text:pxPortInitialiseStack</name>
         <load_address>0x1a0ee</load_address>
         <run_address>0x1a0ee</run_address>
         <size>0x24</size>
         <input_file_ref idref="fl-f"/>
      </object_component>
      <object_component id="oc-a21">
         <name>.text</name>
         <load_address>0x1a112</load_address>
         <run_address>0x1a112</run_address>
         <size>0x24</size>
         <input_file_ref idref="fl-87"/>
      </object_component>
      <object_component id="oc-a5f">
         <name>.text:memset</name>
         <load_address>0x1a136</load_address>
         <run_address>0x1a136</run_address>
         <size>0x20</size>
         <input_file_ref idref="fl-99"/>
      </object_component>
      <object_component id="oc-8b6">
         <name>.text:GPIO_setOutputLowOnPin</name>
         <load_address>0x1a156</load_address>
         <run_address>0x1a156</run_address>
         <size>0x1c</size>
         <input_file_ref idref="fl-2b"/>
      </object_component>
      <object_component id="oc-c7b">
         <name>.text:strchr</name>
         <load_address>0x1a172</load_address>
         <run_address>0x1a172</run_address>
         <size>0x1c</size>
         <input_file_ref idref="fl-b7"/>
      </object_component>
      <object_component id="oc-c9e">
         <name>.text:strcmp</name>
         <load_address>0x1a18e</load_address>
         <run_address>0x1a18e</run_address>
         <size>0x1c</size>
         <input_file_ref idref="fl-b8"/>
      </object_component>
      <object_component id="oc-7da">
         <name>.text:__time32</name>
         <load_address>0x1a1aa</load_address>
         <run_address>0x1a1aa</run_address>
         <size>0x18</size>
         <input_file_ref idref="fl-be"/>
      </object_component>
      <object_component id="oc-93a">
         <name>.text:printf</name>
         <load_address>0x1a1c2</load_address>
         <run_address>0x1a1c2</run_address>
         <size>0x18</size>
         <input_file_ref idref="fl-5"/>
      </object_component>
      <object_component id="oc-886">
         <name>.text</name>
         <load_address>0x1a1da</load_address>
         <run_address>0x1a1da</run_address>
         <size>0x18</size>
         <input_file_ref idref="fl-85"/>
      </object_component>
      <object_component id="oc-7cd">
         <name>.text:WDT_A_hold</name>
         <load_address>0x1a1f2</load_address>
         <run_address>0x1a1f2</run_address>
         <size>0x16</size>
         <input_file_ref idref="fl-39"/>
      </object_component>
      <object_component id="oc-8a">
         <name>.text:decompress:none:__TI_decompress_none</name>
         <load_address>0x1a208</load_address>
         <run_address>0x1a208</run_address>
         <size>0x16</size>
         <input_file_ref idref="fl-5b"/>
      </object_component>
      <object_component id="oc-bc8">
         <name>.text:heap_start</name>
         <load_address>0x1a21e</load_address>
         <run_address>0x1a21e</run_address>
         <size>0x16</size>
         <input_file_ref idref="fl-af"/>
      </object_component>
      <object_component id="oc-b1d">
         <name>.text:prvDeleteTCB</name>
         <load_address>0x1a234</load_address>
         <run_address>0x1a234</run_address>
         <size>0x16</size>
         <input_file_ref idref="fl-d"/>
      </object_component>
      <object_component id="oc-95a">
         <name>.text:prvIdleTask</name>
         <load_address>0x1a24a</load_address>
         <run_address>0x1a24a</run_address>
         <size>0x16</size>
         <input_file_ref idref="fl-d"/>
      </object_component>
      <object_component id="oc-a27">
         <name>.text</name>
         <load_address>0x1a260</load_address>
         <run_address>0x1a260</run_address>
         <size>0x16</size>
         <input_file_ref idref="fl-82"/>
      </object_component>
      <object_component id="oc-7e0">
         <name>.text:srand</name>
         <load_address>0x1a276</load_address>
         <run_address>0x1a276</run_address>
         <size>0x16</size>
         <input_file_ref idref="fl-aa"/>
      </object_component>
      <object_component id="oc-8ce">
         <name>.text:CS_setDCOFreq</name>
         <load_address>0x1a28c</load_address>
         <run_address>0x1a28c</run_address>
         <size>0x12</size>
         <input_file_ref idref="fl-23"/>
      </object_component>
      <object_component id="oc-8d4">
         <name>.text:CS_setExternalClockSource</name>
         <load_address>0x1a29e</load_address>
         <run_address>0x1a29e</run_address>
         <size>0x12</size>
         <input_file_ref idref="fl-23"/>
      </object_component>
      <object_component id="oc-c50">
         <name>.text:strcpy</name>
         <load_address>0x1a2b0</load_address>
         <run_address>0x1a2b0</run_address>
         <size>0x12</size>
         <input_file_ref idref="fl-b9"/>
      </object_component>
      <object_component id="oc-c3f">
         <name>.text:strlen</name>
         <load_address>0x1a2c2</load_address>
         <run_address>0x1a2c2</run_address>
         <size>0x12</size>
         <input_file_ref idref="fl-ba"/>
      </object_component>
      <object_component id="oc-961">
         <name>.text:vConfigureTimerForRunTimeStats</name>
         <load_address>0x1a2d4</load_address>
         <run_address>0x1a2d4</run_address>
         <size>0x10</size>
         <input_file_ref idref="fl-15"/>
      </object_component>
      <object_component id="oc-750">
         <name>.text:_system_pre_init</name>
         <load_address>0x1a2e4</load_address>
         <run_address>0x1a2e4</run_address>
         <size>0xc</size>
         <input_file_ref idref="fl-4"/>
      </object_component>
      <object_component id="oc-b9b">
         <name>.text:malloc</name>
         <load_address>0x1a2f0</load_address>
         <run_address>0x1a2f0</run_address>
         <size>0xc</size>
         <input_file_ref idref="fl-af"/>
      </object_component>
      <object_component id="oc-a7f">
         <name>.text:vApplicationIdleHook</name>
         <load_address>0x1a2fc</load_address>
         <run_address>0x1a2fc</run_address>
         <size>0xc</size>
         <input_file_ref idref="fl-4"/>
      </object_component>
      <object_component id="oc-a56">
         <name>.text:vApplicationMallocFailedHook</name>
         <load_address>0x1a308</load_address>
         <run_address>0x1a308</run_address>
         <size>0xa</size>
         <input_file_ref idref="fl-4"/>
      </object_component>
      <object_component id="oc-b38">
         <name>.text:putchar</name>
         <load_address>0x1a312</load_address>
         <run_address>0x1a312</run_address>
         <size>0x8</size>
         <input_file_ref idref="fl-9a"/>
      </object_component>
      <object_component id="oc-a65">
         <name>.text:vListInitialiseItem</name>
         <load_address>0x1a31a</load_address>
         <run_address>0x1a31a</run_address>
         <size>0x8</size>
         <input_file_ref idref="fl-a"/>
      </object_component>
      <object_component id="oc-8e6">
         <name>.text:PMM_unlockLPM5</name>
         <load_address>0x1a322</load_address>
         <run_address>0x1a322</run_address>
         <size>0x6</size>
         <input_file_ref idref="fl-2f"/>
      </object_component>
      <object_component id="oc-809">
         <name>.text:abort</name>
         <load_address>0x1a328</load_address>
         <run_address>0x1a328</run_address>
         <size>0x6</size>
         <input_file_ref idref="fl-95"/>
      </object_component>
      <object_component id="oc-a38">
         <name>.text:vTaskSuspendAll</name>
         <load_address>0x1a32e</load_address>
         <run_address>0x1a32e</run_address>
         <size>0x6</size>
         <input_file_ref idref="fl-d"/>
      </object_component>
      <object_component id="oc-9ff">
         <name>.text:_nop</name>
         <load_address>0x1a334</load_address>
         <run_address>0x1a334</run_address>
         <size>0x2</size>
         <input_file_ref idref="fl-97"/>
      </object_component>
      <object_component id="oc-97c">
         <name>.text:_system_post_cinit</name>
         <load_address>0x1a336</load_address>
         <run_address>0x1a336</run_address>
         <size>0x2</size>
         <input_file_ref idref="fl-93"/>
      </object_component>
      <object_component id="oc-88e">
         <name>.text:vApplicationTickHook</name>
         <load_address>0x1a338</load_address>
         <run_address>0x1a338</run_address>
         <size>0x2</size>
         <input_file_ref idref="fl-4"/>
      </object_component>
      <object_component id="oc-88b">
         <name>.bss:pxReadyTasksLists</name>
         <uninitialized>true</uninitialized>
         <run_address>0x1e8a</run_address>
         <size>0x5a</size>
         <input_file_ref idref="fl-d"/>
      </object_component>
      <object_component id="oc-b10">
         <name>.bss:xDelayedTaskList1</name>
         <uninitialized>true</uninitialized>
         <run_address>0x1ee4</run_address>
         <size>0x12</size>
         <input_file_ref idref="fl-d"/>
      </object_component>
      <object_component id="oc-b13">
         <name>.bss:xDelayedTaskList2</name>
         <uninitialized>true</uninitialized>
         <run_address>0x1ef6</run_address>
         <size>0x12</size>
         <input_file_ref idref="fl-d"/>
      </object_component>
      <object_component id="oc-87d">
         <name>.bss</name>
         <uninitialized>true</uninitialized>
         <run_address>0x1f46</run_address>
         <size>0x8</size>
         <input_file_ref idref="fl-d"/>
      </object_component>
      <object_component id="oc-89f">
         <name>.bss:xPendingReadyList</name>
         <uninitialized>true</uninitialized>
         <run_address>0x1f08</run_address>
         <size>0x12</size>
         <input_file_ref idref="fl-d"/>
      </object_component>
      <object_component id="oc-b16">
         <name>.bss:xTasksWaitingTermination</name>
         <uninitialized>true</uninitialized>
         <run_address>0x1f2c</run_address>
         <size>0x12</size>
         <input_file_ref idref="fl-d"/>
      </object_component>
      <object_component id="oc-b19">
         <name>.bss:xSuspendedTaskList</name>
         <uninitialized>true</uninitialized>
         <run_address>0x1f1a</run_address>
         <size>0x12</size>
         <input_file_ref idref="fl-d"/>
      </object_component>
      <object_component id="oc-a47">
         <name>.bss:xStart</name>
         <uninitialized>true</uninitialized>
         <run_address>0x1f4e</run_address>
         <size>0x8</size>
         <input_file_ref idref="fl-11"/>
      </object_component>
      <object_component id="oc-72e">
         <name>.bss</name>
         <uninitialized>true</uninitialized>
         <run_address>0x1f3e</run_address>
         <size>0x8</size>
         <input_file_ref idref="fl-16"/>
      </object_component>
      <object_component id="oc-c1f">
         <name>.bss</name>
         <uninitialized>true</uninitialized>
         <run_address>0x1f5e</run_address>
         <size>0x4</size>
         <input_file_ref idref="fl-af"/>
      </object_component>
      <object_component id="oc-c34">
         <name>.common:__TI_tmpnams</name>
         <uninitialized>true</uninitialized>
         <run_address>0x1dea</run_address>
         <size>0xa0</size>
      </object_component>
      <object_component id="oc-9de">
         <name>.common:parmbuf</name>
         <uninitialized>true</uninitialized>
         <run_address>0x1f56</run_address>
         <size>0x8</size>
      </object_component>
      <object_component id="oc-92b">
         <name>.data</name>
         <load_address>0x1de0</load_address>
         <run_address>0x1de0</run_address>
         <size>0x2</size>
         <input_file_ref idref="fl-4"/>
      </object_component>
      <object_component id="oc-794">
         <name>.data</name>
         <load_address>0x1d7c</load_address>
         <run_address>0x1d7c</run_address>
         <size>0x24</size>
         <input_file_ref idref="fl-d"/>
      </object_component>
      <object_component id="oc-791">
         <name>.data</name>
         <load_address>0x1de2</load_address>
         <run_address>0x1de2</run_address>
         <size>0x2</size>
         <input_file_ref idref="fl-f"/>
      </object_component>
      <object_component id="oc-a3e">
         <name>.data</name>
         <load_address>0x1da0</load_address>
         <run_address>0x1da0</run_address>
         <size>0x18</size>
         <input_file_ref idref="fl-11"/>
      </object_component>
      <object_component id="oc-721">
         <name>.data</name>
         <load_address>0x1db8</load_address>
         <run_address>0x1db8</run_address>
         <size>0xc</size>
         <input_file_ref idref="fl-15"/>
      </object_component>
      <object_component id="oc-9d7">
         <name>.data</name>
         <load_address>0x1dc4</load_address>
         <run_address>0x1dc4</run_address>
         <size>0x8</size>
         <input_file_ref idref="fl-23"/>
      </object_component>
      <object_component id="oc-96c">
         <name>.data</name>
         <load_address>0x1de6</load_address>
         <run_address>0x1de6</run_address>
         <size>0x2</size>
         <input_file_ref idref="fl-95"/>
      </object_component>
      <object_component id="oc-972">
         <name>.data:__TI_cleanup_ptr</name>
         <load_address>0x1dcc</load_address>
         <run_address>0x1dcc</run_address>
         <size>0x4</size>
         <input_file_ref idref="fl-96"/>
      </object_component>
      <object_component id="oc-96f">
         <name>.data:__TI_dtors_ptr</name>
         <load_address>0x1dd0</load_address>
         <run_address>0x1dd0</run_address>
         <size>0x4</size>
         <input_file_ref idref="fl-96"/>
      </object_component>
      <object_component id="oc-8fa">
         <name>.data:_lock</name>
         <load_address>0x1dd4</load_address>
         <run_address>0x1dd4</run_address>
         <size>0x4</size>
         <input_file_ref idref="fl-97"/>
      </object_component>
      <object_component id="oc-900">
         <name>.data:_unlock</name>
         <load_address>0x1dd8</load_address>
         <run_address>0x1dd8</run_address>
         <size>0x4</size>
         <input_file_ref idref="fl-97"/>
      </object_component>
      <object_component id="oc-b4d">
         <name>.data:_ftable</name>
         <load_address>0x1c00</load_address>
         <run_address>0x1c00</run_address>
         <size>0xc8</size>
         <input_file_ref idref="fl-9c"/>
      </object_component>
      <object_component id="oc-be8">
         <name>.data</name>
         <load_address>0x1de4</load_address>
         <run_address>0x1de4</run_address>
         <size>0x2</size>
         <input_file_ref idref="fl-9c"/>
      </object_component>
      <object_component id="oc-bb2">
         <name>.data:_device</name>
         <load_address>0x1cc8</load_address>
         <run_address>0x1cc8</run_address>
         <size>0x78</size>
         <input_file_ref idref="fl-a0"/>
      </object_component>
      <object_component id="oc-b86">
         <name>.data:_stream</name>
         <load_address>0x1d40</load_address>
         <run_address>0x1d40</run_address>
         <size>0x3c</size>
         <input_file_ref idref="fl-a0"/>
      </object_component>
      <object_component id="oc-8fd">
         <name>.data</name>
         <load_address>0x1ddc</load_address>
         <run_address>0x1ddc</run_address>
         <size>0x4</size>
         <input_file_ref idref="fl-aa"/>
      </object_component>
      <object_component id="oc-c24">
         <name>.data</name>
         <load_address>0x1de8</load_address>
         <run_address>0x1de8</run_address>
         <size>0x2</size>
         <input_file_ref idref="fl-af"/>
      </object_component>
      <object_component id="oc-919">
         <name>.TI.noinit:bss_backup_1</name>
         <uninitialized>true</uninitialized>
         <run_address>0x173d4</run_address>
         <size>0x178</size>
         <input_file_ref idref="fl-4"/>
      </object_component>
      <object_component id="oc-90a">
[...]
         <object_component_ref idref="oc-97"/>
      </symbol>
      <symbol id="sm-b29">
         <name>__TI_int26</name>
         <value>0xffc4</value>
         <object_component_ref idref="oc-98"/>
      </symbol>
      <symbol id="sm-b2c">
         <name>__TI_int27</name>
         <value>0xffc6</value>
         <object_component_ref idref="oc-99"/>
      </symbol>
      <symbol id="sm-b2f">
         <name>__TI_int28</name>
         <value>0xffc8</value>
         <object_component_ref idref="oc-9a"/>
      </symbol>
      <symbol id="sm-b32">
         <name>__TI_int29</name>
         <value>0xffca</value>
         <object_component_ref idref="oc-9b"/>
      </symbol>
      <symbol id="sm-b35">
         <name>__TI_int30</name>
         <value>0xffcc</value>
         <object_component_ref idref="oc-9c"/>
      </symbol>
      <symbol id="sm-b38">
         <name>__TI_int31</name>
         <value>0xffce</value>
         <object_component_ref idref="oc-9d"/>
      </symbol>
      <symbol id="sm-b3b">
         <name>__TI_int32</name>
         <value>0xffd0</value>
         <object_component_ref idref="oc-9e"/>
      </symbol>
      <symbol id="sm-b3e">
         <name>__TI_int33</name>
         <value>0xffd2</value>
         <object_component_ref idref="oc-9f"/>
      </symbol>
      <symbol id="sm-b41">
         <name>__TI_int34</name>
         <value>0xffd4</value>
         <object_component_ref idref="oc-a0"/>
      </symbol>
      <symbol id="sm-b44">
         <name>__TI_int35</name>
         <value>0xffd6</value>
         <object_component_ref idref="oc-a1"/>
      </symbol>
      <symbol id="sm-b47">
         <name>__TI_int36</name>
         <value>0xffd8</value>
         <object_component_ref idref="oc-a2"/>
      </symbol>
      <symbol id="sm-b4a">
         <name>__TI_int37</name>
         <value>0xffda</value>
         <object_component_ref idref="oc-a3"/>
      </symbol>
      <symbol id="sm-b4d">
         <name>__TI_int38</name>
         <value>0xffdc</value>
         <object_component_ref idref="oc-a4"/>
      </symbol>
      <symbol id="sm-b50">
         <name>__TI_int39</name>
         <value>0xffde</value>
         <object_component_ref idref="oc-a5"/>
      </symbol>
      <symbol id="sm-b53">
         <name>__TI_int41</name>
         <value>0xffe2</value>
         <object_component_ref idref="oc-a7"/>
      </symbol>
      <symbol id="sm-b56">
         <name>__TI_int42</name>
         <value>0xffe4</value>
         <object_component_ref idref="oc-a8"/>
      </symbol>
      <symbol id="sm-b59">
         <name>__TI_int43</name>
         <value>0xffe6</value>
         <object_component_ref idref="oc-a9"/>
      </symbol>
      <symbol id="sm-b5c">
         <name>__TI_int44</name>
         <value>0xffe8</value>
         <object_component_ref idref="oc-aa"/>
      </symbol>
      <symbol id="sm-b5f">
         <name>__TI_int46</name>
         <value>0xffec</value>
         <object_component_ref idref="oc-ac"/>
      </symbol>
      <symbol id="sm-b62">
         <name>__TI_int47</name>
         <value>0xffee</value>
         <object_component_ref idref="oc-ad"/>
      </symbol>
      <symbol id="sm-b65">
         <name>__TI_int49</name>
         <value>0xfff2</value>
         <object_component_ref idref="oc-af"/>
      </symbol>
      <symbol id="sm-b68">
         <name>__TI_int50</name>
         <value>0xfff4</value>
         <object_component_ref idref="oc-b0"/>
      </symbol>
      <symbol id="sm-b6b">
         <name>__TI_int51</name>
         <value>0xfff6</value>
         <object_component_ref idref="oc-b1"/>
      </symbol>
      <symbol id="sm-b6e">
         <name>__TI_int52</name>
         <value>0xfff8</value>
         <object_component_ref idref="oc-b2"/>
      </symbol>
      <symbol id="sm-b71">
         <name>__TI_int53</name>
         <value>0xfffa</value>
         <object_component_ref idref="oc-b3"/>
      </symbol>
      <symbol id="sm-b74">
         <name>__TI_int54</name>
         <value>0xfffc</value>
         <object_component_ref idref="oc-b4"/>
      </symbol>
      <symbol id="sm-b87">
         <name>__TI_zero_init_nomemset</name>
         <value>0x1a0ca</value>
         <object_component_ref idref="oc-6d0"/>
      </symbol>
      <symbol id="sm-b93">
         <name>__mspabi_remi</name>
         <value>0x19ffa</value>
         <object_component_ref idref="oc-926"/>
      </symbol>
      <symbol id="sm-b94">
         <name>__mspabi_divi</name>
         <value>0x19ffa</value>
         <object_component_ref idref="oc-926"/>
      </symbol>
      <symbol id="sm-b9f">
         <name>__mspabi_remu</name>
         <value>0x1a260</value>
         <object_component_ref idref="oc-a27"/>
      </symbol>
      <symbol id="sm-ba0">
         <name>__mspabi_divu</name>
         <value>0x1a260</value>
         <object_component_ref idref="oc-a27"/>
      </symbol>
      <symbol id="sm-baa">
         <name>__mspabi_mpyi_f5hw</name>
         <value>0x1a1da</value>
         <object_component_ref idref="oc-886"/>
      </symbol>
      <symbol id="sm-bb3">
         <name>__mspabi_mpyl_f5hw</name>
         <value>0x1a112</value>
         <object_component_ref idref="oc-a21"/>
      </symbol>
      <symbol id="sm-bc9">
         <name>_stack</name>
         <value>0x2800</value>
         <object_component_ref idref="oc-69a"/>
      </symbol>
      <symbol id="sm-bca">
         <name>_c_int00_noargs</name>
         <value>0x806a</value>
         <object_component_ref idref="oc-6e2"/>
      </symbol>
      <symbol id="sm-bcb">
         <name>_reset_vector</name>
         <value>0xfffe</value>
         <object_component_ref idref="oc-69d"/>
      </symbol>
      <symbol id="sm-bef">
         <name>__TI_auto_init_nobinit_nopinit_hold_wdt</name>
         <value>0x191ea</value>
         <object_component_ref idref="oc-82d"/>
      </symbol>
      <symbol id="sm-bf7">
         <name>__mspabi_sral_15</name>
         <value>0x19bc2</value>
         <object_component_ref idref="oc-977"/>
      </symbol>
      <symbol id="sm-bf8">
         <name>__mspabi_sral_14</name>
         <value>0x19bc6</value>
         <object_component_ref idref="oc-977"/>
      </symbol>
      <symbol id="sm-bf9">
         <name>__mspabi_sral_13</name>
         <value>0x19bca</value>
         <object_component_ref idref="oc-977"/>
      </symbol>
      <symbol id="sm-bfa">
         <name>__mspabi_sral_12</name>
         <value>0x19bce</value>
         <object_component_ref idref="oc-977"/>
      </symbol>
      <symbol id="sm-bfb">
         <name>__mspabi_sral_11</name>
         <value>0x19bd2</value>
         <object_component_ref idref="oc-977"/>
      </symbol>
      <symbol id="sm-bfc">
         <name>__mspabi_sral_10</name>
         <value>0x19bd6</value>
         <object_component_ref idref="oc-977"/>
      </symbol>
      <symbol id="sm-bfd">
         <name>__mspabi_sral_8</name>
         <value>0x19bde</value>
         <object_component_ref idref="oc-977"/>
      </symbol>
      <symbol id="sm-bfe">
         <name>__mspabi_sral_9</name>
         <value>0x19bda</value>
         <object_component_ref idref="oc-977"/>
      </symbol>
      <symbol id="sm-bff">
         <name>__mspabi_sral_6</name>
         <value>0x19be6</value>
         <object_component_ref idref="oc-977"/>
      </symbol>
      <symbol id="sm-c00">
         <name>__mspabi_sral_7</name>
         <value>0x19be2</value>
         <object_component_ref idref="oc-977"/>
      </symbol>
      <symbol id="sm-c01">
         <name>__mspabi_sral_4</name>
         <value>0x19bee</value>
         <object_component_ref idref="oc-977"/>
      </symbol>
      <symbol id="sm-c02">
         <name>__mspabi_sral_5</name>
         <value>0x19bea</value>
         <object_component_ref idref="oc-977"/>
      </symbol>
      <symbol id="sm-c03">
         <name>__mspabi_sral_2</name>
         <value>0x19bf6</value>
         <object_component_ref idref="oc-977"/>
      </symbol>
      <symbol id="sm-c04">
         <name>__mspabi_sral_3</name>
         <value>0x19bf2</value>
         <object_component_ref idref="oc-977"/>
      </symbol>
      <symbol id="sm-c05">
         <name>__mspabi_sral_1</name>
         <value>0x19bfa</value>
         <object_component_ref idref="oc-977"/>
      </symbol>
      <symbol id="sm-c0e">
         <name>_system_post_cinit</name>
         <value>0x1a336</value>
         <object_component_ref idref="oc-97c"/>
      </symbol>
      <symbol id="sm-c2c">
         <name>C$$EXIT</name>
         <value>0x1a328</value>
         <object_component_ref idref="oc-809"/>
      </symbol>
      <symbol id="sm-c2d">
         <name>abort</name>
         <value>0x1a328</value>
         <object_component_ref idref="oc-809"/>
      </symbol>
      <symbol id="sm-c2e">
         <name>__TI_enable_exit_profile_output</name>
         <value>0x1de6</value>
         <object_component_ref idref="oc-96c"/>
      </symbol>
      <symbol id="sm-c2f">
         <name>exit</name>
         <value>0x19aac</value>
         <object_component_ref idref="oc-80f"/>
      </symbol>
      <symbol id="sm-c3e">
         <name>__TI_dtors_ptr</name>
         <value>0x1dd0</value>
         <object_component_ref idref="oc-96f"/>
      </symbol>
      <symbol id="sm-c3f">
         <name>__TI_cleanup_ptr</name>
         <value>0x1dcc</value>
         <object_component_ref idref="oc-972"/>
      </symbol>
      <symbol id="sm-c55">
         <name>_nop</name>
         <value>0x1a334</value>
         <object_component_ref idref="oc-9ff"/>
      </symbol>
      <symbol id="sm-c56">
         <name>_lock</name>
         <value>0x1dd4</value>
         <object_component_ref idref="oc-8fa"/>
      </symbol>
      <symbol id="sm-c57">
         <name>_unlock</name>
         <value>0x1dd8</value>
         <object_component_ref idref="oc-900"/>
      </symbol>
      <symbol id="sm-c66">
         <name>memcpy</name>
         <value>0x19cf4</value>
         <object_component_ref idref="oc-6ac"/>
      </symbol>
      <symbol id="sm-c75">
         <name>memset</name>
         <value>0x1a136</value>
         <object_component_ref idref="oc-a5f"/>
      </symbol>
      <symbol id="sm-c94">
         <name>putc</name>
         <value>0x18eca</value>
         <object_component_ref idref="oc-b50"/>
      </symbol>
      <symbol id="sm-c95">
         <name>fputc</name>
         <value>0x18eca</value>
         <object_component_ref idref="oc-b50"/>
      </symbol>
      <symbol id="sm-c96">
         <name>putchar</name>
         <value>0x1a312</value>
         <object_component_ref idref="oc-b38"/>
      </symbol>
      <symbol id="sm-ca7">
         <name>__TI_doflush</name>
         <value>0x197fa</value>
         <object_component_ref idref="oc-b61"/>
      </symbol>
      <symbol id="sm-cb7">
         <name>__TI_tmpnams</name>
         <value>0x1dea</value>
      </symbol>
      <symbol id="sm-cb8">
         <name>_ftable</name>
         <value>0x1c00</value>
         <object_component_ref idref="oc-b4d"/>
      </symbol>
      <symbol id="sm-cb9">
         <name>__TI_ft_end</name>
         <value>0x1de4</value>
         <object_component_ref idref="oc-be8"/>
      </symbol>
      <symbol id="sm-cd1">
         <name>__TI_wrt_ok</name>
         <value>0x18fe4</value>
         <object_component_ref idref="oc-b5b"/>
      </symbol>
      <symbol id="sm-ce6">
         <name>fseek</name>
         <value>0x193c0</value>
         <object_component_ref idref="oc-b76"/>
      </symbol>
      <symbol id="sm-cf9">
         <name>lseek</name>
         <value>0x19c3e</value>
         <object_component_ref idref="oc-b8d"/>
      </symbol>
      <symbol id="sm-d08">
         <name>_stream</name>
         <value>0x1d40</value>
         <object_component_ref idref="oc-b86"/>
      </symbol>
      <symbol id="sm-d09">
         <name>_device</name>
         <value>0x1cc8</value>
         <object_component_ref idref="oc-bb2"/>
      </symbol>
      <symbol id="sm-d15">
         <name>HOSTclose</name>
         <value>0x19a10</value>
         <object_component_ref idref="oc-bf4"/>
      </symbol>
      <symbol id="sm-d21">
         <name>HOSTlseek</name>
         <value>0x18d04</value>
         <object_component_ref idref="oc-c06"/>
      </symbol>
      <symbol id="sm-d2f">
         <name>parmbuf</name>
         <value>0x1f56</value>
      </symbol>
      <symbol id="sm-d30">
         <name>HOSTopen</name>
         <value>0x1958a</value>
         <object_component_ref idref="oc-bee"/>
      </symbol>
      <symbol id="sm-d3d">
         <name>HOSTread</name>
         <value>0x19666</value>
         <object_component_ref idref="oc-bfa"/>
      </symbol>
      <symbol id="sm-d49">
         <name>HOSTrename</name>
         <value>0x192d8</value>
         <object_component_ref idref="oc-c12"/>
      </symbol>
      <symbol id="sm-d55">
         <name>HOSTunlink</name>
         <value>0x19af6</value>
         <object_component_ref idref="oc-c0c"/>
      </symbol>
      <symbol id="sm-d62">
         <name>HOSTwrite</name>
         <value>0x195fa</value>
         <object_component_ref idref="oc-c00"/>
      </symbol>
      <symbol id="sm-d80">
         <name>__TI_readmsg</name>
         <value>0x19f98</value>
         <object_component_ref idref="oc-9e7"/>
      </symbol>
      <symbol id="sm-d81">
         <name>C$$IO$$</name>
         <value>0x19ec0</value>
         <object_component_ref idref="oc-9e1"/>
      </symbol>
      <symbol id="sm-d82">
         <name>_CIOBUF_</name>
         <value>0x7808</value>
         <object_component_ref idref="oc-ac0"/>
      </symbol>
      <symbol id="sm-d83">
         <name>__TI_writemsg</name>
         <value>0x19e8e</value>
         <object_component_ref idref="oc-9e1"/>
      </symbol>
      <symbol id="sm-d8b">
         <name>__mspabi_slll_9</name>
         <value>0x19c18</value>
         <object_component_ref idref="oc-9ed"/>
      </symbol>
      <symbol id="sm-d8c">
         <name>__mspabi_slll_8</name>
         <value>0x19c1c</value>
         <object_component_ref idref="oc-9ed"/>
      </symbol>
      <symbol id="sm-d8d">
         <name>__mspabi_slll_7</name>
         <value>0x19c20</value>
         <object_component_ref idref="oc-9ed"/>
      </symbol>
      <symbol id="sm-d8e">
         <name>__mspabi_slll_6</name>
         <value>0x19c24</value>
         <object_component_ref idref="oc-9ed"/>
      </symbol>
      <symbol id="sm-d8f">
         <name>__mspabi_slll_5</name>
         <value>0x19c28</value>
         <object_component_ref idref="oc-9ed"/>
      </symbol>
      <symbol id="sm-d90">
         <name>__mspabi_slll_4</name>
         <value>0x19c2c</value>
         <object_component_ref idref="oc-9ed"/>
      </symbol>
      <symbol id="sm-d91">
         <name>__mspabi_slll_3</name>
         <value>0x19c30</value>
         <object_component_ref idref="oc-9ed"/>
      </symbol>
      <symbol id="sm-d92">
         <name>__mspabi_slll_2</name>
         <value>0x19c34</value>
         <object_component_ref idref="oc-9ed"/>
      </symbol>
      <symbol id="sm-d93">
         <name>__mspabi_slll_1</name>
         <value>0x19c38</value>
         <object_component_ref idref="oc-9ed"/>
      </symbol>
      <symbol id="sm-d94">
         <name>__mspabi_slll_15</name>
         <value>0x19c00</value>
         <object_component_ref idref="oc-9ed"/>
      </symbol>
      <symbol id="sm-d95">
         <name>__mspabi_slll_14</name>
         <value>0x19c04</value>
         <object_component_ref idref="oc-9ed"/>
      </symbol>
      <symbol id="sm-d96">
         <name>__mspabi_slll_13</name>
         <value>0x19c08</value>
         <object_component_ref idref="oc-9ed"/>
      </symbol>
      <symbol id="sm-d97">
         <name>__mspabi_slll_12</name>
         <value>0x19c0c</value>
         <object_component_ref idref="oc-9ed"/>
      </symbol>
      <symbol id="sm-d98">
         <name>__mspabi_slll_11</name>
         <value>0x19c10</value>
         <object_component_ref idref="oc-9ed"/>
      </symbol>
      <symbol id="sm-d99">
         <name>__mspabi_slll_10</name>
         <value>0x19c14</value>
         <object_component_ref idref="oc-9ed"/>
      </symbol>
      <symbol id="sm-db2">
         <name>rand</name>
         <value>0x19b82</value>
         <object_component_ref idref="oc-920"/>
      </symbol>
      <symbol id="sm-db3">
         <name>srand</name>
         <value>0x1a276</value>
         <object_component_ref idref="oc-7e0"/>
      </symbol>
      <symbol id="sm-dcc">
         <name>setvbuf</name>
         <value>0x18508</value>
         <object_component_ref idref="oc-b7c"/>
      </symbol>
      <symbol id="sm-ddd">
         <name>__TI_cleanup</name>
         <value>0x19e58</value>
         <object_component_ref idref="oc-ba1"/>
      </symbol>
      <symbol id="sm-dee">
         <name>__TI_closefile</name>
         <value>0x1934c</value>
         <object_component_ref idref="oc-be2"/>
      </symbol>
      <symbol id="sm-e00">
         <name>close</name>
         <value>0x198b8</value>
         <object_component_ref idref="oc-c2e"/>
      </symbol>
      <symbol id="sm-e86">
         <name>_sys_memory</name>
         <value>0x7928</value>
         <object_component_ref idref="oc-69e"/>
      </symbol>
      <symbol id="sm-e87">
         <name>free</name>
         <value>0x1814a</value>
         <object_component_ref idref="oc-b95"/>
      </symbol>
      <symbol id="sm-e88">
         <name>memalign</name>
         <value>0x1791c</value>
         <object_component_ref idref="oc-bdb"/>
      </symbol>
      <symbol id="sm-e89">
         <name>malloc</name>
         <value>0x1a2f0</value>
         <object_component_ref idref="oc-b9b"/>
      </symbol>
      <symbol id="sm-e8a">
         <name>aligned_alloc</name>
         <value>0x1791c</value>
         <object_component_ref idref="oc-bdb"/>
      </symbol>
      <symbol id="sm-eaf">
         <name>finddevice</name>
         <value>0x19ec4</value>
         <object_component_ref idref="oc-c87"/>
      </symbol>
      <symbol id="sm-eb0">
         <name>getdevice</name>
         <value>0x19736</value>
         <object_component_ref idref="oc-c5f"/>
      </symbol>
      <symbol id="sm-ec4">
         <name>strchr</name>
         <value>0x1a172</value>
         <object_component_ref idref="oc-c7b"/>
      </symbol>
      <symbol id="sm-ed2">
         <name>strcmp</name>
         <value>0x1a18e</value>
         <object_component_ref idref="oc-c9e"/>
      </symbol>
      <symbol id="sm-edf">
         <name>strcpy</name>
         <value>0x1a2b0</value>
         <object_component_ref idref="oc-c50"/>
      </symbol>
      <symbol id="sm-eec">
         <name>strlen</name>
         <value>0x1a2c2</value>
         <object_component_ref idref="oc-c3f"/>
      </symbol>
      <symbol id="sm-eff">
         <name>strncpy</name>
         <value>0x19a5e</value>
         <object_component_ref idref="oc-c81"/>
      </symbol>
      <symbol id="sm-f16">
         <name>__time32</name>
         <value>0x1a1aa</value>
         <object_component_ref idref="oc-7da"/>
      </symbol>
      <symbol id="sm-f17">
         <name>time</name>
         <value>0x1a1aa</value>
         <object_component_ref idref="oc-7da"/>
      </symbol>
      <symbol id="sm-f2a">
         <name>HOSTtime</name>
         <value>0x1996a</value>
         <object_component_ref idref="oc-8ed"/>
      </symbol>
      <symbol id="sm-f36">
         <name>unlink</name>
         <value>0x19fca</value>
         <object_component_ref idref="oc-c35"/>
      </symbol>
      <symbol id="sm-f44">
         <name>write</name>
         <value>0x19da8</value>
         <object_component_ref idref="oc-b67"/>
      </symbol>
      <symbol id="sm-f49">
         <name>vPortSetupTimerInterrupt</name>
         <value>0x1a0a4</value>
      </symbol>
      <symbol id="sm-f4a">
         <name>remove</name>
         <value>0x19fca</value>
      </symbol>
   </symbol_table>
   <title>Link successful</title>
</link_info>
